Archive member included to satisfy reference by file (symbol)

c:/st/stm32cubeide_1.7.0/stm32cubeide/plugins/com.st.stm32cube.ide.mcu.externaltools.gnu-tools-for-stm32.9-2020-q2-update.win32_2.0.0.202105311346/tools/bin/../lib/gcc/arm-none-eabi/9.3.1/../../../../arm-none-eabi/lib/thumb/v7-m/nofp\libc_nano.a(lib_a-errno.o)
                              ./Core/Src/syscalls.o (__errno)
c:/st/stm32cubeide_1.7.0/stm32cubeide/plugins/com.st.stm32cube.ide.mcu.externaltools.gnu-tools-for-stm32.9-2020-q2-update.win32_2.0.0.202105311346/tools/bin/../lib/gcc/arm-none-eabi/9.3.1/../../../../arm-none-eabi/lib/thumb/v7-m/nofp\libc_nano.a(lib_a-exit.o)
                              c:/st/stm32cubeide_1.7.0/stm32cubeide/plugins/com.st.stm32cube.ide.mcu.externaltools.gnu-tools-for-stm32.9-2020-q2-update.win32_2.0.0.202105311346/tools/bin/../lib/gcc/arm-none-eabi/9.3.1/../../../../arm-none-eabi/lib/thumb/v7-m/nofp/crt0.o (exit)
c:/st/stm32cubeide_1.7.0/stm32cubeide/plugins/com.st.stm32cube.ide.mcu.externaltools.gnu-tools-for-stm32.9-2020-q2-update.win32_2.0.0.202105311346/tools/bin/../lib/gcc/arm-none-eabi/9.3.1/../../../../arm-none-eabi/lib/thumb/v7-m/nofp\libc_nano.a(lib_a-impure.o)
                              c:/st/stm32cubeide_1.7.0/stm32cubeide/plugins/com.st.stm32cube.ide.mcu.externaltools.gnu-tools-for-stm32.9-2020-q2-update.win32_2.0.0.202105311346/tools/bin/../lib/gcc/arm-none-eabi/9.3.1/../../../../arm-none-eabi/lib/thumb/v7-m/nofp\libc_nano.a(lib_a-exit.o) (_global_impure_ptr)
c:/st/stm32cubeide_1.7.0/stm32cubeide/plugins/com.st.stm32cube.ide.mcu.externaltools.gnu-tools-for-stm32.9-2020-q2-update.win32_2.0.0.202105311346/tools/bin/../lib/gcc/arm-none-eabi/9.3.1/../../../../arm-none-eabi/lib/thumb/v7-m/nofp\libc_nano.a(lib_a-init.o)
                              c:/st/stm32cubeide_1.7.0/stm32cubeide/plugins/com.st.stm32cube.ide.mcu.externaltools.gnu-tools-for-stm32.9-2020-q2-update.win32_2.0.0.202105311346/tools/bin/../lib/gcc/arm-none-eabi/9.3.1/../../../../arm-none-eabi/lib/thumb/v7-m/nofp/crt0.o (__libc_init_array)
c:/st/stm32cubeide_1.7.0/stm32cubeide/plugins/com.st.stm32cube.ide.mcu.externaltools.gnu-tools-for-stm32.9-2020-q2-update.win32_2.0.0.202105311346/tools/bin/../lib/gcc/arm-none-eabi/9.3.1/../../../../arm-none-eabi/lib/thumb/v7-m/nofp\libc_nano.a(lib_a-malloc.o)
                              ./Middlewares/ST/STM32_USB_Host_Library/Class/HID/Src/usbh_hid.o (malloc)
c:/st/stm32cubeide_1.7.0/stm32cubeide/plugins/com.st.stm32cube.ide.mcu.externaltools.gnu-tools-for-stm32.9-2020-q2-update.win32_2.0.0.202105311346/tools/bin/../lib/gcc/arm-none-eabi/9.3.1/../../../../arm-none-eabi/lib/thumb/v7-m/nofp\libc_nano.a(lib_a-memset.o)
                              c:/st/stm32cubeide_1.7.0/stm32cubeide/plugins/com.st.stm32cube.ide.mcu.externaltools.gnu-tools-for-stm32.9-2020-q2-update.win32_2.0.0.202105311346/tools/bin/../lib/gcc/arm-none-eabi/9.3.1/../../../../arm-none-eabi/lib/thumb/v7-m/nofp/crt0.o (memset)
c:/st/stm32cubeide_1.7.0/stm32cubeide/plugins/com.st.stm32cube.ide.mcu.externaltools.gnu-tools-for-stm32.9-2020-q2-update.win32_2.0.0.202105311346/tools/bin/../lib/gcc/arm-none-eabi/9.3.1/../../../../arm-none-eabi/lib/thumb/v7-m/nofp\libc_nano.a(lib_a-nano-freer.o)
                              c:/st/stm32cubeide_1.7.0/stm32cubeide/plugins/com.st.stm32cube.ide.mcu.externaltools.gnu-tools-for-stm32.9-2020-q2-update.win32_2.0.0.202105311346/tools/bin/../lib/gcc/arm-none-eabi/9.3.1/../../../../arm-none-eabi/lib/thumb/v7-m/nofp\libc_nano.a(lib_a-malloc.o) (_free_r)
c:/st/stm32cubeide_1.7.0/stm32cubeide/plugins/com.st.stm32cube.ide.mcu.externaltools.gnu-tools-for-stm32.9-2020-q2-update.win32_2.0.0.202105311346/tools/bin/../lib/gcc/arm-none-eabi/9.3.1/../../../../arm-none-eabi/lib/thumb/v7-m/nofp\libc_nano.a(lib_a-nano-mallocr.o)
                              c:/st/stm32cubeide_1.7.0/stm32cubeide/plugins/com.st.stm32cube.ide.mcu.externaltools.gnu-tools-for-stm32.9-2020-q2-update.win32_2.0.0.202105311346/tools/bin/../lib/gcc/arm-none-eabi/9.3.1/../../../../arm-none-eabi/lib/thumb/v7-m/nofp\libc_nano.a(lib_a-malloc.o) (_malloc_r)
c:/st/stm32cubeide_1.7.0/stm32cubeide/plugins/com.st.stm32cube.ide.mcu.externaltools.gnu-tools-for-stm32.9-2020-q2-update.win32_2.0.0.202105311346/tools/bin/../lib/gcc/arm-none-eabi/9.3.1/../../../../arm-none-eabi/lib/thumb/v7-m/nofp\libc_nano.a(lib_a-sbrkr.o)
                              c:/st/stm32cubeide_1.7.0/stm32cubeide/plugins/com.st.stm32cube.ide.mcu.externaltools.gnu-tools-for-stm32.9-2020-q2-update.win32_2.0.0.202105311346/tools/bin/../lib/gcc/arm-none-eabi/9.3.1/../../../../arm-none-eabi/lib/thumb/v7-m/nofp\libc_nano.a(lib_a-nano-mallocr.o) (_sbrk_r)
c:/st/stm32cubeide_1.7.0/stm32cubeide/plugins/com.st.stm32cube.ide.mcu.externaltools.gnu-tools-for-stm32.9-2020-q2-update.win32_2.0.0.202105311346/tools/bin/../lib/gcc/arm-none-eabi/9.3.1/../../../../arm-none-eabi/lib/thumb/v7-m/nofp\libc_nano.a(lib_a-mlock.o)
[...]
Memory Configuration

Name             Origin             Length             Attributes
RAM              0x0000000020000000 0x0000000000010000 xrw
FLASH            0x0000000008000000 0x0000000000020000 xr
*default*        0x0000000000000000 0xffffffffffffffff

Linker script and memory map

LOAD c:/st/stm32cubeide_1.7.0/stm32cubeide/plugins/com.st.stm32cube.ide.mcu.externaltools.gnu-tools-for-stm32.9-2020-q2-update.win32_2.0.0.202105311346/tools/bin/../lib/gcc/arm-none-eabi/9.3.1/thumb/v7-m/nofp/crti.o
LOAD c:/st/stm32cubeide_1.7.0/stm32cubeide/plugins/com.st.stm32cube.ide.mcu.externaltools.gnu-tools-for-stm32.9-2020-q2-update.win32_2.0.0.202105311346/tools/bin/../lib/gcc/arm-none-eabi/9.3.1/thumb/v7-m/nofp/crtbegin.o
LOAD c:/st/stm32cubeide_1.7.0/stm32cubeide/plugins/com.st.stm32cube.ide.mcu.externaltools.gnu-tools-for-stm32.9-2020-q2-update.win32_2.0.0.202105311346/tools/bin/../lib/gcc/arm-none-eabi/9.3.1/../../../../arm-none-eabi/lib/thumb/v7-m/nofp/crt0.o
LOAD ./Core/Src/main.o
LOAD ./Core/Src/stm32f1xx_hal_msp.o
LOAD ./Core/Src/stm32f1xx_it.o
LOAD ./Core/Src/syscalls.o
LOAD ./Core/Src/sysmem.o
LOAD ./Core/Src/system_stm32f1xx.o
LOAD ./Core/Startup/startup_stm32f105rbtx.o
LOAD ./Drivers/STM32F1xx_HAL_Driver/Src/stm32f1xx_hal.o
LOAD ./Drivers/STM32F1xx_HAL_Driver/Src/stm32f1xx_hal_cortex.o
LOAD ./Drivers/STM32F1xx_HAL_Driver/Src/stm32f1xx_hal_dma.o
LOAD ./Drivers/STM32F1xx_HAL_Driver/Src/stm32f1xx_hal_exti.o
LOAD ./Drivers/STM32F1xx_HAL_Driver/Src/stm32f1xx_hal_flash.o
LOAD ./Drivers/STM32F1xx_HAL_Driver/Src/stm32f1xx_hal_flash_ex.o
LOAD ./Drivers/STM32F1xx_HAL_Driver/Src/stm32f1xx_hal_gpio.o
LOAD ./Drivers/STM32F1xx_HAL_Driver/Src/stm32f1xx_hal_gpio_ex.o
LOAD ./Drivers/STM32F1xx_HAL_Driver/Src/stm32f1xx_hal_hcd.o
LOAD ./Drivers/STM32F1xx_HAL_Driver/Src/stm32f1xx_hal_pwr.o
LOAD ./Drivers/STM32F1xx_HAL_Driver/Src/stm32f1xx_hal_rcc.o
LOAD ./Drivers/STM32F1xx_HAL_Driver/Src/stm32f1xx_hal_rcc_ex.o
LOAD ./Drivers/STM32F1xx_HAL_Driver/Src/stm32f1xx_hal_tim.o
LOAD ./Drivers/STM32F1xx_HAL_Driver/Src/stm32f1xx_hal_tim_ex.o
LOAD ./Drivers/STM32F1xx_HAL_Driver/Src/stm32f1xx_ll_usb.o
LOAD ./Middlewares/ST/STM32_USB_Host_Library/Class/HID/Src/usbh_hid.o
LOAD ./Middlewares/ST/STM32_USB_Host_Library/Class/HID/Src/usbh_hid_gamepad.o
LOAD ./Middlewares/ST/STM32_USB_Host_Library/Class/HID/Src/usbh_hid_keybd.o
LOAD ./Middlewares/ST/STM32_USB_Host_Library/Class/HID/Src/usbh_hid_mouse.o
LOAD ./Middlewares/ST/STM32_USB_Host_Library/Class/HID/Src/usbh_hid_parser.o
LOAD ./Middlewares/ST/STM32_USB_Host_Library/Class/HID/Src/usbh_hid_reportparser.o
LOAD ./Middlewares/ST/STM32_USB_Host_Library/Core/Src/usbh_core.o
LOAD ./Middlewares/ST/STM32_USB_Host_Library/Core/Src/usbh_ctlreq.o
LOAD ./Middlewares/ST/STM32_USB_Host_Library/Core/Src/usbh_ioreq.o
LOAD ./Middlewares/ST/STM32_USB_Host_Library/Core/Src/usbh_pipes.o
LOAD ./USB_HOST/App/usb_host.o
LOAD ./USB_HOST/Target/usbh_conf.o
START GROUP
LOAD c:/st/stm32cubeide_1.7.0/stm32cubeide/plugins/com.st.stm32cube.ide.mcu.externaltools.gnu-tools-for-stm32.9-2020-q2-update.win32_2.0.0.202105311346/tools/bin/../lib/gcc/arm-none-eabi/9.3.1/../../../../arm-none-eabi/lib/thumb/v7-m/nofp\libc_nano.a
LOAD c:/st/stm32cubeide_1.7.0/stm32cubeide/plugins/com.st.stm32cube.ide.mcu.externaltools.gnu-tools-for-stm32.9-2020-q2-update.win32_2.0.0.202105311346/tools/bin/../lib/gcc/arm-none-eabi/9.3.1/../../../../arm-none-eabi/lib/thumb/v7-m/nofp\libm.a
END GROUP
START GROUP
LOAD c:/st/stm32cubeide_1.7.0/stm32cubeide/plugins/com.st.stm32cube.ide.mcu.externaltools.gnu-tools-for-stm32.9-2020-q2-update.win32_2.0.0.202105311346/tools/bin/../lib/gcc/arm-none-eabi/9.3.1/thumb/v7-m/nofp\libgcc.a
LOAD c:/st/stm32cubeide_1.7.0/stm32cubeide/plugins/com.st.stm32cube.ide.mcu.externaltools.gnu-tools-for-stm32.9-2020-q2-update.win32_2.0.0.202105311346/tools/bin/../lib/gcc/arm-none-eabi/9.3.1/../../../../arm-none-eabi/lib/thumb/v7-m/nofp\libc_nano.a
END GROUP
START GROUP
LOAD c:/st/stm32cubeide_1.7.0/stm32cubeide/plugins/com.st.stm32cube.ide.mcu.externaltools.gnu-tools-for-stm32.9-2020-q2-update.win32_2.0.0.202105311346/tools/bin/../lib/gcc/arm-none-eabi/9.3.1/thumb/v7-m/nofp\libgcc.a
LOAD c:/st/stm32cubeide_1.7.0/stm32cubeide/plugins/com.st.stm32cube.ide.mcu.externaltools.gnu-tools-for-stm32.9-2020-q2-update.win32_2.0.0.202105311346/tools/bin/../lib/gcc/arm-none-eabi/9.3.1/../../../../arm-none-eabi/lib/thumb/v7-m/nofp\libc_nano.a
LOAD c:/st/stm32cubeide_1.7.0/stm32cubeide/plugins/com.st.stm32cube.ide.mcu.externaltools.gnu-tools-for-stm32.9-2020-q2-update.win32_2.0.0.202105311346/tools/bin/../lib/gcc/arm-none-eabi/9.3.1/../../../../arm-none-eabi/lib/thumb/v7-m/nofp\libnosys.a
END GROUP
START GROUP
LOAD c:/st/stm32cubeide_1.7.0/stm32cubeide/plugins/com.st.stm32cube.ide.mcu.externaltools.gnu-tools-for-stm32.9-2020-q2-update.win32_2.0.0.202105311346/tools/bin/../lib/gcc/arm-none-eabi/9.3.1/thumb/v7-m/nofp\libgcc.a
LOAD c:/st/stm32cubeide_1.7.0/stm32cubeide/plugins/com.st.stm32cube.ide.mcu.externaltools.gnu-tools-for-stm32.9-2020-q2-update.win32_2.0.0.202105311346/tools/bin/../lib/gcc/arm-none-eabi/9.3.1/../../../../arm-none-eabi/lib/thumb/v7-m/nofp\libc_nano.a
LOAD c:/st/stm32cubeide_1.7.0/stm32cubeide/plugins/com.st.stm32cube.ide.mcu.externaltools.gnu-tools-for-stm32.9-2020-q2-update.win32_2.0.0.202105311346/tools/bin/../lib/gcc/arm-none-eabi/9.3.1/../../../../arm-none-eabi/lib/thumb/v7-m/nofp\libnosys.a
END GROUP
LOAD c:/st/stm32cubeide_1.7.0/stm32cubeide/plugins/com.st.stm32cube.ide.mcu.externaltools.gnu-tools-for-stm32.9-2020-q2-update.win32_2.0.0.202105311346/tools/bin/../lib/gcc/arm-none-eabi/9.3.1/thumb/v7-m/nofp/crtend.o
LOAD c:/st/stm32cubeide_1.7.0/stm32cubeide/plugins/com.st.stm32cube.ide.mcu.externaltools.gnu-tools-for-stm32.9-2020-q2-update.win32_2.0.0.202105311346/tools/bin/../lib/gcc/arm-none-eabi/9.3.1/thumb/v7-m/nofp/crtn.o
                0x0000000020010000                _estack = (ORIGIN (RAM) + LENGTH (RAM))
                0x0000000000002000                _Min_Heap_Size = 0x2000
                0x0000000000002000                _Min_Stack_Size = 0x2000

.isr_vector     0x0000000008000000      0x1e4
                0x0000000008000000                . = ALIGN (0x4)
 *(.isr_vector)
 .isr_vector    0x0000000008000000      0x1e4 ./Core/Startup/startup_stm32f105rbtx.o
                0x0000000008000000                g_pfnVectors
                0x00000000080001e4                . = ALIGN (0x4)

.text           0x00000000080001e4     0x861c
                0x00000000080001e4                . = ALIGN (0x4)
 *(.text)
 .text          0x00000000080001e4       0x40 c:/st/stm32cubeide_1.7.0/stm32cubeide/plugins/com.st.stm32cube.ide.mcu.externaltools.gnu-tools-for-stm32.9-2020-q2-update.win32_2.0.0.202105311346/tools/bin/../lib/gcc/arm-none-eabi/9.3.1/thumb/v7-m/nofp/crtbegin.o
 .text          0x0000000008000224       0x30 c:/st/stm32cubeide_1.7.0/stm32cubeide/plugins/com.st.stm32cube.ide.mcu.externaltools.gnu-tools-for-stm32.9-2020-q2-update.win32_2.0.0.202105311346/tools/bin/../lib/gcc/arm-none-eabi/9.3.1/thumb/v7-m/nofp\libgcc.a(_aeabi_uldivmod.o)
                0x0000000008000224                __aeabi_uldivmod
 .text          0x0000000008000254      0x2c4 c:/st/stm32cubeide_1.7.0/stm32cubeide/plugins/com.st.stm32cube.ide.mcu.externaltools.gnu-tools-for-stm32.9-2020-q2-update.win32_2.0.0.202105311346/tools/bin/../lib/gcc/arm-none-eabi/9.3.1/thumb/v7-m/nofp\libgcc.a(_udivmoddi4.o)
                0x0000000008000254                __udivmoddi4
 .text          0x0000000008000518        0x4 c:/st/stm32cubeide_1.7.0/stm32cubeide/plugins/com.st.stm32cube.ide.mcu.externaltools.gnu-tools-for-stm32.9-2020-q2-update.win32_2.0.0.202105311346/tools/bin/../lib/gcc/arm-none-eabi/9.3.1/thumb/v7-m/nofp\libgcc.a(_dvmd_tls.o)
                0x0000000008000518                __aeabi_idiv0
                0x0000000008000518                __aeabi_ldiv0
 *(.text*)
 .text.processMouseMovement
                0x000000000800051c      0x190 ./Core/Src/main.o
                0x000000000800051c                processMouseMovement
 .text.main     0x00000000080006ac      0x2b8 ./Core/Src/main.o
                0x00000000080006ac                main
 .text.SystemClock_Config
                0x0000000008000964       0xc8 ./Core/Src/main.o
                0x0000000008000964                SystemClock_Config
 .text.MX_TIM2_Init
                0x0000000008000a2c       0x9c ./Core/Src/main.o
 .text.MX_TIM3_Init
                0x0000000008000ac8       0x9c ./Core/Src/main.o
 .text.MX_GPIO_Init
                0x0000000008000b64       0x98 ./Core/Src/main.o
 .text.HAL_TIM_PeriodElapsedCallback
                0x0000000008000bfc      0x24c ./Core/Src/main.o
                0x0000000008000bfc                HAL_TIM_PeriodElapsedCallback
 .text.Error_Handler
                0x0000000008000e48        0xc ./Core/Src/main.o
                0x0000000008000e48                Error_Handler
 .text.HAL_MspInit
                0x0000000008000e54       0x64 ./Core/Src/stm32f1xx_hal_msp.o
                0x0000000008000e54                HAL_MspInit
 .text.HAL_TIM_Base_MspInit
                0x0000000008000eb8       0x80 ./Core/Src/stm32f1xx_hal_msp.o
                0x0000000008000eb8                HAL_TIM_Base_MspInit
 .text.NMI_Handler
                0x0000000008000f38        0x6 ./Core/Src/stm32f1xx_it.o
                0x0000000008000f38                NMI_Handler
 .text.HardFault_Handler
                0x0000000008000f3e        0x6 ./Core/Src/stm32f1xx_it.o
                0x0000000008000f3e                HardFault_Handler
 .text.MemManage_Handler
                0x0000000008000f44        0x6 ./Core/Src/stm32f1xx_it.o
                0x0000000008000f44                MemManage_Handler
 .text.BusFault_Handler
                0x0000000008000f4a        0x6 ./Core/Src/stm32f1xx_it.o
                0x0000000008000f4a                BusFault_Handler
 .text.UsageFault_Handler
                0x0000000008000f50        0x6 ./Core/Src/stm32f1xx_it.o
                0x0000000008000f50                UsageFault_Handler
 .text.SVC_Handler
                0x0000000008000f56        0xc ./Core/Src/stm32f1xx_it.o
                0x0000000008000f56                SVC_Handler
 .text.DebugMon_Handler
                0x0000000008000f62        0xc ./Core/Src/stm32f1xx_it.o
                0x0000000008000f62                DebugMon_Handler
 .text.PendSV_Handler
                0x0000000008000f6e        0xc ./Core/Src/stm32f1xx_it.o
                0x0000000008000f6e                PendSV_Handler
 .text.SysTick_Handler
                0x0000000008000f7a        0xc ./Core/Src/stm32f1xx_it.o
                0x0000000008000f7a                SysTick_Handler
 *fill*         0x0000000008000f86        0x2 
 .text.TIM2_IRQHandler
                0x0000000008000f88       0x14 ./Core/Src/stm32f1xx_it.o
                0x0000000008000f88                TIM2_IRQHandler
 .text.TIM3_IRQHandler
                0x0000000008000f9c       0x14 ./Core/Src/stm32f1xx_it.o
                0x0000000008000f9c                TIM3_IRQHandler
 .text.OTG_FS_IRQHandler
                0x0000000008000fb0       0x14 ./Core/Src/stm32f1xx_it.o
                0x0000000008000fb0                OTG_FS_IRQHandler
 .text._sbrk    0x0000000008000fc4       0x6c ./Core/Src/sysmem.o
                0x0000000008000fc4                _sbrk
 .text.SystemInit
                0x0000000008001030        0xc ./Core/Src/system_stm32f1xx.o
                0x0000000008001030                SystemInit
 .text.Reset_Handler
                0x000000000800103c       0x48 ./Core/Startup/startup_stm32f105rbtx.o
                0x000000000800103c                Reset_Handler
 .text.Default_Handler
                0x0000000008001084        0x2 ./Core/Startup/startup_stm32f105rbtx.o
                0x0000000008001084                RTC_Alarm_IRQHandler
                0x0000000008001084                EXTI2_IRQHandler
                0x0000000008001084                TIM1_CC_IRQHandler
                0x0000000008001084                TIM6_IRQHandler
                0x0000000008001084                PVD_IRQHandler
                0x0000000008001084                CAN2_RX1_IRQHandler
                0x0000000008001084                EXTI3_IRQHandler
                0x0000000008001084                EXTI0_IRQHandler
                0x0000000008001084                I2C2_EV_IRQHandler
                0x0000000008001084                CAN1_RX0_IRQHandler
                0x0000000008001084                CAN2_SCE_IRQHandler
                0x0000000008001084                ADC1_2_IRQHandler
                0x0000000008001084                SPI1_IRQHandler
                0x0000000008001084                TAMPER_IRQHandler
                0x0000000008001084                CAN2_RX0_IRQHandler
                0x0000000008001084                DMA2_Channel2_IRQHandler
                0x0000000008001084                DMA1_Channel4_IRQHandler
                0x0000000008001084                USART3_IRQHandler
                0x0000000008001084                RTC_IRQHandler
                0x0000000008001084                DMA1_Channel7_IRQHandler
                0x0000000008001084                CAN1_RX1_IRQHandler
                0x0000000008001084                UART5_IRQHandler
                0x0000000008001084                TIM4_IRQHandler
                0x0000000008001084                DMA2_Channel1_IRQHandler
                0x0000000008001084                I2C1_EV_IRQHandler
                0x0000000008001084                DMA1_Channel6_IRQHandler
                0x0000000008001084                UART4_IRQHandler
                0x0000000008001084                DMA2_Channel4_IRQHandler
                0x0000000008001084                RCC_IRQHandler
                0x0000000008001084                TIM1_TRG_COM_IRQHandler
                0x0000000008001084                DMA1_Channel1_IRQHandler
                0x0000000008001084                Default_Handler
                0x0000000008001084                EXTI15_10_IRQHandler
                0x0000000008001084                TIM7_IRQHandler
                0x0000000008001084                CAN2_TX_IRQHandler
                0x0000000008001084                TIM5_IRQHandler
                0x0000000008001084                EXTI9_5_IRQHandler
                0x0000000008001084                SPI2_IRQHandler
                0x0000000008001084                CAN1_TX_IRQHandler
                0x0000000008001084                DMA2_Channel5_IRQHandler
                0x0000000008001084                DMA1_Channel5_IRQHandler
                0x0000000008001084                EXTI4_IRQHandler
                0x0000000008001084                DMA1_Channel3_IRQHandler
                0x0000000008001084                TIM1_UP_IRQHandler
                0x0000000008001084                WWDG_IRQHandler
                0x0000000008001084                OTG_FS_WKUP_IRQHandler
                0x0000000008001084                TIM1_BRK_IRQHandler
                0x0000000008001084                EXTI1_IRQHandler
                0x0000000008001084                USART2_IRQHandler
                0x0000000008001084                I2C2_ER_IRQHandler
                0x0000000008001084                DMA1_Channel2_IRQHandler
                0x0000000008001084                CAN1_SCE_IRQHandler
                0x0000000008001084                FLASH_IRQHandler
                0x0000000008001084                USART1_IRQHandler
                0x0000000008001084                SPI3_IRQHandler
                0x0000000008001084                I2C1_ER_IRQHandler
                0x0000000008001084                DMA2_Channel3_IRQHandler
 *fill*         0x0000000008001086        0x2 
 .text.HAL_Init
                0x0000000008001088       0x2c ./Drivers/STM32F1xx_HAL_Driver/Src/stm32f1xx_hal.o
                0x0000000008001088                HAL_Init
 .text.HAL_InitTick
                0x00000000080010b4       0x60 ./Drivers/STM32F1xx_HAL_Driver/Src/stm32f1xx_hal.o
                0x00000000080010b4                HAL_InitTick
 .text.HAL_IncTick
                0x0000000008001114       0x24 ./Drivers/STM32F1xx_HAL_Driver/Src/stm32f1xx_hal.o
                0x0000000008001114                HAL_IncTick
 .text.HAL_GetTick
                0x0000000008001138       0x14 ./Drivers/STM32F1xx_HAL_Driver/Src/stm32f1xx_hal.o
                0x0000000008001138                HAL_GetTick
 .text.HAL_Delay
                0x000000000800114c       0x48 ./Drivers/STM32F1xx_HAL_Driver/Src/stm32f1xx_hal.o
                0x000000000800114c                HAL_Delay
 .text.__NVIC_SetPriorityGrouping
                0x0000000008001194       0x48 ./Drivers/STM32F1xx_HAL_Driver/Src/stm32f1xx_hal_cortex.o
 .text.__NVIC_GetPriorityGrouping
                0x00000000080011dc       0x1c ./Drivers/STM32F1xx_HAL_Driver/Src/stm32f1xx_hal_cortex.o
 .text.__NVIC_EnableIRQ
                0x00000000080011f8       0x38 ./Drivers/STM32F1xx_HAL_Driver/Src/stm32f1xx_hal_cortex.o
 .text.__NVIC_SetPriority
                0x0000000008001230       0x54 ./Drivers/STM32F1xx_HAL_Driver/Src/stm32f1xx_hal_cortex.o
 .text.NVIC_EncodePriority
                0x0000000008001284       0x64 ./Drivers/STM32F1xx_HAL_Driver/Src/stm32f1xx_hal_cortex.o
 .text.SysTick_Config
                0x00000000080012e8       0x44 ./Drivers/STM32F1xx_HAL_Driver/Src/stm32f1xx_hal_cortex.o
 .text.HAL_NVIC_SetPriorityGrouping
                0x000000000800132c       0x16 ./Drivers/STM32F1xx_HAL_Driver/Src/stm32f1xx_hal_cortex.o
                0x000000000800132c                HAL_NVIC_SetPriorityGrouping
 .text.HAL_NVIC_SetPriority
                0x0000000008001342       0x38 ./Drivers/STM32F1xx_HAL_Driver/Src/stm32f1xx_hal_cortex.o
                0x0000000008001342                HAL_NVIC_SetPriority
 .text.HAL_NVIC_EnableIRQ
                0x000000000800137a       0x1c ./Drivers/STM32F1xx_HAL_Driver/Src/stm32f1xx_hal_cortex.o
                0x000000000800137a                HAL_NVIC_EnableIRQ
 .text.HAL_SYSTICK_Config
                0x0000000008001396       0x18 ./Drivers/STM32F1xx_HAL_Driver/Src/stm32f1xx_hal_cortex.o
                0x0000000008001396                HAL_SYSTICK_Config
 *fill*         0x00000000080013ae        0x2 
 .text.HAL_GPIO_Init
                0x00000000080013b0      0x308 ./Drivers/STM32F1xx_HAL_Driver/Src/stm32f1xx_hal_gpio.o
                0x00000000080013b0                HAL_GPIO_Init
 .text.HAL_GPIO_WritePin
                0x00000000080016b8       0x30 ./Drivers/STM32F1xx_HAL_Driver/Src/stm32f1xx_hal_gpio.o
                0x00000000080016b8                HAL_GPIO_WritePin
 .text.HAL_HCD_Init
                0x00000000080016e8       0xc4 ./Drivers/STM32F1xx_HAL_Driver/Src/stm32f1xx_hal_hcd.o
                0x00000000080016e8                HAL_HCD_Init
 .text.HAL_HCD_HC_Init
                0x00000000080017ac      0x130 ./Drivers/STM32F1xx_HAL_Driver/Src/stm32f1xx_hal_hcd.o
                0x00000000080017ac                HAL_HCD_HC_Init
 .text.HAL_HCD_HC_Halt
                0x00000000080018dc       0x46 ./Drivers/STM32F1xx_HAL_Driver/Src/stm32f1xx_hal_hcd.o
                0x00000000080018dc                HAL_HCD_HC_Halt
 *fill*         0x0000000008001922        0x2 
 .text.HAL_HCD_HC_SubmitRequest
                0x0000000008001924      0x2dc ./Drivers/STM32F1xx_HAL_Driver/Src/stm32f1xx_hal_hcd.o
                0x0000000008001924                HAL_HCD_HC_SubmitRequest
 .text.HAL_HCD_IRQHandler
                0x0000000008001c00      0x208 ./Drivers/STM32F1xx_HAL_Driver/Src/stm32f1xx_hal_hcd.o
                0x0000000008001c00                HAL_HCD_IRQHandler
 .text.HAL_HCD_Start
                0x0000000008001e08       0x46 ./Drivers/STM32F1xx_HAL_Driver/Src/stm32f1xx_hal_hcd.o
                0x0000000008001e08                HAL_HCD_Start
 .text.HAL_HCD_Stop
                0x0000000008001e4e       0x3a ./Drivers/STM32F1xx_HAL_Driver/Src/stm32f1xx_hal_hcd.o
                0x0000000008001e4e                HAL_HCD_Stop
 .text.HAL_HCD_ResetPort
                0x0000000008001e88       0x1c ./Drivers/STM32F1xx_HAL_Driver/Src/stm32f1xx_hal_hcd.o
                0x0000000008001e88                HAL_HCD_ResetPort
 .text.HAL_HCD_HC_GetURBState
                0x0000000008001ea4       0x28 ./Drivers/STM32F1xx_HAL_Driver/Src/stm32f1xx_hal_hcd.o
                0x0000000008001ea4                HAL_HCD_HC_GetURBState
 .text.HAL_HCD_GetCurrentFrame
                0x0000000008001ecc       0x1c ./Drivers/STM32F1xx_HAL_Driver/Src/stm32f1xx_hal_hcd.o
                0x0000000008001ecc                HAL_HCD_GetCurrentFrame
 .text.HAL_HCD_GetCurrentSpeed
                0x0000000008001ee8       0x1c ./Drivers/STM32F1xx_HAL_Driver/Src/stm32f1xx_hal_hcd.o
                0x0000000008001ee8                HAL_HCD_GetCurrentSpeed
 .text.HCD_HC_IN_IRQHandler
                0x0000000008001f04      0x732 ./Drivers/STM32F1xx_HAL_Driver/Src/stm32f1xx_hal_hcd.o
 .text.HCD_HC_OUT_IRQHandler
                0x0000000008002636      0x6aa ./Drivers/STM32F1xx_HAL_Driver/Src/stm32f1xx_hal_hcd.o
 .text.HCD_RXQLVL_IRQHandler
                0x0000000008002ce0      0x15c ./Drivers/STM32F1xx_HAL_Driver/Src/stm32f1xx_hal_hcd.o
 .text.HCD_Port_IRQHandler
                0x0000000008002e3c       0xe6 ./Drivers/STM32F1xx_HAL_Driver/Src/stm32f1xx_hal_hcd.o
 *fill*         0x0000000008002f22        0x2 
 .text.HAL_RCC_OscConfig
                0x0000000008002f24      0x62c ./Drivers/STM32F1xx_HAL_Driver/Src/stm32f1xx_hal_rcc.o
                0x0000000008002f24                HAL_RCC_OscConfig
 .text.HAL_RCC_ClockConfig
                0x0000000008003550      0x1d4 ./Drivers/STM32F1xx_HAL_Driver/Src/stm32f1xx_hal_rcc.o
                0x0000000008003550                HAL_RCC_ClockConfig
 .text.HAL_RCC_GetSysClockFreq
                0x0000000008003724      0x1c8 ./Drivers/STM32F1xx_HAL_Driver/Src/stm32f1xx_hal_rcc.o
                0x0000000008003724                HAL_RCC_GetSysClockFreq
 .text.RCC_Delay
                0x00000000080038ec       0x3c ./Drivers/STM32F1xx_HAL_Driver/Src/stm32f1xx_hal_rcc.o
 .text.HAL_RCCEx_PeriphCLKConfig
                0x0000000008003928      0x264 ./Drivers/STM32F1xx_HAL_Driver/Src/stm32f1xx_hal_rcc_ex.o
                0x0000000008003928                HAL_RCCEx_PeriphCLKConfig
 .text.HAL_TIM_Base_Init
                0x0000000008003b8c       0x56 ./Drivers/STM32F1xx_HAL_Driver/Src/stm32f1xx_hal_tim.o
                0x0000000008003b8c                HAL_TIM_Base_Init
 .text.HAL_TIM_Base_Start_IT
                0x0000000008003be2       0x46 ./Drivers/STM32F1xx_HAL_Driver/Src/stm32f1xx_hal_tim.o
                0x0000000008003be2                HAL_TIM_Base_Start_IT
 .text.HAL_TIM_IRQHandler
                0x0000000008003c28      0x210 ./Drivers/STM32F1xx_HAL_Driver/Src/stm32f1xx_hal_tim.o
                0x0000000008003c28                HAL_TIM_IRQHandler
 .text.HAL_TIM_ConfigClockSource
                0x0000000008003e38      0x188 ./Drivers/STM32F1xx_HAL_Driver/Src/stm32f1xx_hal_tim.o
                0x0000000008003e38                HAL_TIM_ConfigClockSource
 .text.HAL_TIM_OC_DelayElapsedCallback
                0x0000000008003fc0       0x12 ./Drivers/STM32F1xx_HAL_Driver/Src/stm32f1xx_hal_tim.o
                0x0000000008003fc0                HAL_TIM_OC_DelayElapsedCallback
 .text.HAL_TIM_IC_CaptureCallback
                0x0000000008003fd2       0x12 ./Drivers/STM32F1xx_HAL_Driver/Src/stm32f1xx_hal_tim.o
                0x0000000008003fd2                HAL_TIM_IC_CaptureCallback
 .text.HAL_TIM_PWM_PulseFinishedCallback
                0x0000000008003fe4       0x12 ./Drivers/STM32F1xx_HAL_Driver/Src/stm32f1xx_hal_tim.o
                0x0000000008003fe4                HAL_TIM_PWM_PulseFinishedCallback
 .text.HAL_TIM_TriggerCallback
                0x0000000008003ff6       0x12 ./Drivers/STM32F1xx_HAL_Driver/Src/stm32f1xx_hal_tim.o
                0x0000000008003ff6                HAL_TIM_TriggerCallback
 .text.TIM_Base_SetConfig
                0x0000000008004008       0xd8 ./Drivers/STM32F1xx_HAL_Driver/Src/stm32f1xx_hal_tim.o
                0x0000000008004008                TIM_Base_SetConfig
 .text.TIM_TI1_ConfigInputStage
                0x00000000080040e0       0x5c ./Drivers/STM32F1xx_HAL_Driver/Src/stm32f1xx_hal_tim.o
 .text.TIM_TI2_ConfigInputStage
                0x000000000800413c       0x5e ./Drivers/STM32F1xx_HAL_Driver/Src/stm32f1xx_hal_tim.o
 .text.TIM_ITRx_SetConfig
                0x000000000800419a       0x34 ./Drivers/STM32F1xx_HAL_Driver/Src/stm32f1xx_hal_tim.o
 .text.TIM_ETR_SetConfig
                0x00000000080041ce       0x3e ./Drivers/STM32F1xx_HAL_Driver/Src/stm32f1xx_hal_tim.o
                0x00000000080041ce                TIM_ETR_SetConfig
 .text.HAL_TIMEx_MasterConfigSynchronization
                0x000000000800420c       0x88 ./Drivers/STM32F1xx_HAL_Driver/Src/stm32f1xx_hal_tim_ex.o
                0x000000000800420c                HAL_TIMEx_MasterConfigSynchronization
 .text.HAL_TIMEx_CommutCallback
                0x0000000008004294       0x12 ./Drivers/STM32F1xx_HAL_Driver/Src/stm32f1xx_hal_tim_ex.o
                0x0000000008004294                HAL_TIMEx_CommutCallback
 .text.HAL_TIMEx_BreakCallback
                0x00000000080042a6       0x12 ./Drivers/STM32F1xx_HAL_Driver/Src/stm32f1xx_hal_tim_ex.o
                0x00000000080042a6                HAL_TIMEx_BreakCallback
 .text.USB_CoreInit
                0x00000000080042b8       0x90 ./Drivers/STM32F1xx_HAL_Driver/Src/stm32f1xx_ll_usb.o
                0x00000000080042b8                USB_CoreInit
 .text.USB_EnableGlobalInt
                0x0000000008004348       0x20 ./Drivers/STM32F1xx_HAL_Driver/Src/stm32f1xx_ll_usb.o
                0x0000000008004348                USB_EnableGlobalInt
 .text.USB_DisableGlobalInt
                0x0000000008004368       0x20 ./Drivers/STM32F1xx_HAL_Driver/Src/stm32f1xx_ll_usb.o
                0x0000000008004368                USB_DisableGlobalInt
 .text.USB_SetCurrentMode
                0x0000000008004388       0x54 ./Drivers/STM32F1xx_HAL_Driver/Src/stm32f1xx_ll_usb.o
                0x0000000008004388                USB_SetCurrentMode
 .text.USB_FlushTxFifo
                0x00000000080043dc       0x48 ./Drivers/STM32F1xx_HAL_Driver/Src/stm32f1xx_ll_usb.o
                0x00000000080043dc                USB_FlushTxFifo
 .text.USB_FlushRxFifo
                0x0000000008004424       0x40 ./Drivers/STM32F1xx_HAL_Driver/Src/stm32f1xx_ll_usb.o
                0x0000000008004424                USB_FlushRxFifo
 .text.USB_WritePacket
                0x0000000008004464       0x60 ./Drivers/STM32F1xx_HAL_Driver/Src/stm32f1xx_ll_usb.o
                0x0000000008004464                USB_WritePacket
 .text.USB_ReadPacket
                0x00000000080044c4       0x50 ./Drivers/STM32F1xx_HAL_Driver/Src/stm32f1xx_ll_usb.o
                0x00000000080044c4                USB_ReadPacket
 .text.USB_ReadInterrupts
                0x0000000008004514       0x24 ./Drivers/STM32F1xx_HAL_Driver/Src/stm32f1xx_ll_usb.o
                0x0000000008004514                USB_ReadInterrupts
 .text.USB_GetMode
                0x0000000008004538       0x1a ./Drivers/STM32F1xx_HAL_Driver/Src/stm32f1xx_ll_usb.o
                0x0000000008004538                USB_GetMode
 *fill*         0x0000000008004552        0x2 
 .text.USB_CoreReset
                0x0000000008004554       0x64 ./Drivers/STM32F1xx_HAL_Driver/Src/stm32f1xx_ll_usb.o
 .text.USB_HostInit
                0x00000000080045b8       0xfc ./Drivers/STM32F1xx_HAL_Driver/Src/stm32f1xx_ll_usb.o
                0x00000000080045b8                USB_HostInit
 .text.USB_InitFSLSPClkSel
                0x00000000080046b4       0x72 ./Drivers/STM32F1xx_HAL_Driver/Src/stm32f1xx_ll_usb.o
                0x00000000080046b4                USB_InitFSLSPClkSel
 .text.USB_ResetPort
                0x0000000008004726       0x54 ./Drivers/STM32F1xx_HAL_Driver/Src/stm32f1xx_ll_usb.o
                0x0000000008004726                USB_ResetPort
 .text.USB_DriveVbus
                0x000000000800477a       0x70 ./Drivers/STM32F1xx_HAL_Driver/Src/stm32f1xx_ll_usb.o
                0x000000000800477a                USB_DriveVbus
 .text.USB_GetHostSpeed
                0x00000000080047ea       0x2c ./Drivers/STM32F1xx_HAL_Driver/Src/stm32f1xx_ll_usb.o
                0x00000000080047ea                USB_GetHostSpeed
 .text.USB_GetCurrentFrame
                0x0000000008004816       0x20 ./Drivers/STM32F1xx_HAL_Driver/Src/stm32f1xx_ll_usb.o
                0x0000000008004816                USB_GetCurrentFrame
 *fill*         0x0000000008004836        0x2 
 .text.USB_HC_Init
                0x0000000008004838      0x1e4 ./Drivers/STM32F1xx_HAL_Driver/Src/stm32f1xx_ll_usb.o
                0x0000000008004838                USB_HC_Init
 .text.USB_HC_StartXfer
                0x0000000008004a1c      0x200 ./Drivers/STM32F1xx_HAL_Driver/Src/stm32f1xx_ll_usb.o
                0x0000000008004a1c                USB_HC_StartXfer
 .text.USB_HC_ReadInterrupt
                0x0000000008004c1c       0x20 ./Drivers/STM32F1xx_HAL_Driver/Src/stm32f1xx_ll_usb.o
                0x0000000008004c1c                USB_HC_ReadInterrupt
 .text.USB_HC_Halt
                0x0000000008004c3c      0x1fc ./Drivers/STM32F1xx_HAL_Driver/Src/stm32f1xx_ll_usb.o
                0x0000000008004c3c                USB_HC_Halt
 .text.USB_StopHost
                0x0000000008004e38      0x10c ./Drivers/STM32F1xx_HAL_Driver/Src/stm32f1xx_ll_usb.o
                0x0000000008004e38                USB_StopHost
 .text.USBH_HID_InterfaceInit
                0x0000000008004f44      0x4d4 ./Middlewares/ST/STM32_USB_Host_Library/Class/HID/Src/usbh_hid.o
 .text.USBH_HID_InterfaceDeInit
                0x0000000008005418       0xe8 ./Middlewares/ST/STM32_USB_Host_Library/Class/HID/Src/usbh_hid.o
 .text.USBH_HID_NextInterface
                0x0000000008005500       0x3e ./Middlewares/ST/STM32_USB_Host_Library/Class/HID/Src/usbh_hid.o
 .text.USBH_HID_DefaultInterface
                0x000000000800553e       0x1c ./Middlewares/ST/STM32_USB_Host_Library/Class/HID/Src/usbh_hid.o
 .text.USBH_HID_ClassRequest
                0x000000000800555a       0xa0 ./Middlewares/ST/STM32_USB_Host_Library/Class/HID/Src/usbh_hid.o
 *fill*         0x00000000080055fa        0x2 
 .text.USBH_HID_Process
                0x00000000080055fc      0x134 ./Middlewares/ST/STM32_USB_Host_Library/Class/HID/Src/usbh_hid.o
 .text.USBH_HID_SOFProcess
                0x0000000008005730       0x4e ./Middlewares/ST/STM32_USB_Host_Library/Class/HID/Src/usbh_hid.o
 .text.USBH_HID_GetHIDReportDescriptor
                0x000000000800577e       0x3a ./Middlewares/ST/STM32_USB_Host_Library/Class/HID/Src/usbh_hid.o
                0x000000000800577e                USBH_HID_GetHIDReportDescriptor
 .text.USBH_HID_GetHIDDescriptor
                0x00000000080057b8       0x3a ./Middlewares/ST/STM32_USB_Host_Library/Class/HID/Src/usbh_hid.o
                0x00000000080057b8                USBH_HID_GetHIDDescriptor
 .text.USBH_HID_SetIdle
                0x00000000080057f2       0x50 ./Middlewares/ST/STM32_USB_Host_Library/Class/HID/Src/usbh_hid.o
                0x00000000080057f2                USBH_HID_SetIdle
 .text.USBH_HID_SetProtocol
                0x0000000008005842       0x4c ./Middlewares/ST/STM32_USB_Host_Library/Class/HID/Src/usbh_hid.o
                0x0000000008005842                USBH_HID_SetProtocol
 .text.USBH_HID_ParseHIDDesc
                0x000000000800588e       0x74 ./Middlewares/ST/STM32_USB_Host_Library/Class/HID/Src/usbh_hid.o
 .text.USBH_HID_GetDeviceType
                0x0000000008005902       0x52 ./Middlewares/ST/STM32_USB_Host_Library/Class/HID/Src/usbh_hid.o
                0x0000000008005902                USBH_HID_GetDeviceType
 .text.USBH_HID_FifoInit
                0x0000000008005954       0x36 ./Middlewares/ST/STM32_USB_Host_Library/Class/HID/Src/usbh_hid.o
                0x0000000008005954                USBH_HID_FifoInit
 .text.USBH_HID_FifoRead
                0x000000000800598a       0x90 ./Middlewares/ST/STM32_USB_Host_Library/Class/HID/Src/usbh_hid.o
                0x000000000800598a                USBH_HID_FifoRead
 .text.USBH_HID_FifoWrite
                0x0000000008005a1a       0xa6 ./Middlewares/ST/STM32_USB_Host_Library/Class/HID/Src/usbh_hid.o
                0x0000000008005a1a                USBH_HID_FifoWrite
 .text.USBH_HID_EventCallback
                0x0000000008005ac0       0x12 ./Middlewares/ST/STM32_USB_Host_Library/Class/HID/Src/usbh_hid.o
                0x0000000008005ac0                USBH_HID_EventCallback
 .text.collect_bits
                0x0000000008005ad2      0x126 ./Middlewares/ST/STM32_USB_Host_Library/Class/HID/Src/usbh_hid_gamepad.o
 .text.USBH_HID_GamepadInit
                0x0000000008005bf8       0x78 ./Middlewares/ST/STM32_USB_Host_Library/Class/HID/Src/usbh_hid_gamepad.o
                0x0000000008005bf8                USBH_HID_GamepadInit
 .text.USBH_HID_GetGamepadInfo
                0x0000000008005c70       0x28 ./Middlewares/ST/STM32_USB_Host_Library/Class/HID/Src/usbh_hid_gamepad.o
                0x0000000008005c70                USBH_HID_GetGamepadInfo
 .text.USBH_HID_GamepadDecode
                0x0000000008005c98      0x514 ./Middlewares/ST/STM32_USB_Host_Library/Class/HID/Src/usbh_hid_gamepad.o
 .text.USBH_HID_KeybdInit
                0x00000000080061ac       0xac ./Middlewares/ST/STM32_USB_Host_Library/Class/HID/Src/usbh_hid_keybd.o
                0x00000000080061ac                USBH_HID_KeybdInit
 .text.USBH_HID_MouseInit
                0x0000000008006258       0x98 ./Middlewares/ST/STM32_USB_Host_Library/Class/HID/Src/usbh_hid_mouse.o
                0x0000000008006258                USBH_HID_MouseInit
 .text.USBH_HID_GetMouseInfo
                0x00000000080062f0       0x28 ./Middlewares/ST/STM32_USB_Host_Library/Class/HID/Src/usbh_hid_mouse.o
                0x00000000080062f0                USBH_HID_GetMouseInfo
 .text.collect_bits
                0x0000000008006318      0x126 ./Middlewares/ST/STM32_USB_Host_Library/Class/HID/Src/usbh_hid_mouse.o
 *fill*         0x000000000800643e        0x2 
 .text.USBH_HID_MouseDecode
                0x0000000008006440      0x234 ./Middlewares/ST/STM32_USB_Host_Library/Class/HID/Src/usbh_hid_mouse.o
 .text.report_is_usable
                0x0000000008006674       0x6a ./Middlewares/ST/STM32_USB_Host_Library/Class/HID/Src/usbh_hid_reportparser.o
                0x0000000008006674                report_is_usable
 *fill*         0x00000000080066de        0x2 
 .text.parse_report_descriptor
                0x00000000080066e0      0x614 ./Middlewares/ST/STM32_USB_Host_Library/Class/HID/Src/usbh_hid_reportparser.o
                0x00000000080066e0                parse_report_descriptor
 .text.USBH_Init
                0x0000000008006cf4       0x54 ./Middlewares/ST/STM32_USB_Host_Library/Core/Src/usbh_core.o
                0x0000000008006cf4                USBH_Init
 .text.DeInitStateMachine
                0x0000000008006d48       0x90 ./Middlewares/ST/STM32_USB_Host_Library/Core/Src/usbh_core.o
 .text.USBH_RegisterClass
                0x0000000008006dd8       0x54 ./Middlewares/ST/STM32_USB_Host_Library/Core/Src/usbh_core.o
                0x0000000008006dd8                USBH_RegisterClass
 .text.USBH_SelectInterface
                0x0000000008006e2c       0x36 ./Middlewares/ST/STM32_USB_Host_Library/Core/Src/usbh_core.o
                0x0000000008006e2c                USBH_SelectInterface
 .text.USBH_Start
                0x0000000008006e62       0x20 ./Middlewares/ST/STM32_USB_Host_Library/Core/Src/usbh_core.o
                0x0000000008006e62                USBH_Start
 *fill*         0x0000000008006e82        0x2 
 .text.USBH_Process
                0x0000000008006e84      0x318 ./Middlewares/ST/STM32_USB_Host_Library/Core/Src/usbh_core.o
                0x0000000008006e84                USBH_Process
 .text.USBH_HandleEnum
                0x000000000800719c      0x234 ./Middlewares/ST/STM32_USB_Host_Library/Core/Src/usbh_core.o
 .text.USBH_LL_SetTimer
                0x00000000080073d0       0x1c ./Middlewares/ST/STM32_USB_Host_Library/Core/Src/usbh_core.o
                0x00000000080073d0                USBH_LL_SetTimer
 .text.USBH_LL_IncTimer
                0x00000000080073ec       0x24 ./Middlewares/ST/STM32_USB_Host_Library/Core/Src/usbh_core.o
                0x00000000080073ec                USBH_LL_IncTimer
 .text.USBH_HandleSof
                0x0000000008007410       0x30 ./Middlewares/ST/STM32_USB_Host_Library/Core/Src/usbh_core.o
 .text.USBH_LL_PortEnabled
                0x0000000008007440       0x1a ./Middlewares/ST/STM32_USB_Host_Library/Core/Src/usbh_core.o
                0x0000000008007440                USBH_LL_PortEnabled
 .text.USBH_LL_PortDisabled
                0x000000000800745a       0x1a ./Middlewares/ST/STM32_USB_Host_Library/Core/Src/usbh_core.o
                0x000000000800745a                USBH_LL_PortDisabled
 .text.USBH_IsPortEnabled
                0x0000000008007474       0x18 ./Middlewares/ST/STM32_USB_Host_Library/Core/Src/usbh_core.o
                0x0000000008007474                USBH_IsPortEnabled
 .text.USBH_LL_Connect
                0x000000000800748c       0x4c ./Middlewares/ST/STM32_USB_Host_Library/Core/Src/usbh_core.o
                0x000000000800748c                USBH_LL_Connect
 .text.USBH_LL_Disconnect
                0x00000000080074d8       0x5a ./Middlewares/ST/STM32_USB_Host_Library/Core/Src/usbh_core.o
                0x00000000080074d8                USBH_LL_Disconnect
 .text.USBH_Get_DevDesc
                0x0000000008007532       0x52 ./Middlewares/ST/STM32_USB_Host_Library/Core/Src/usbh_ctlreq.o
                0x0000000008007532                USBH_Get_DevDesc
 .text.USBH_Get_CfgDesc
                0x0000000008007584       0x4c ./Middlewares/ST/STM32_USB_Host_Library/Core/Src/usbh_ctlreq.o
                0x0000000008007584                USBH_Get_CfgDesc
 .text.USBH_Get_StringDesc
                0x00000000080075d0       0x5a ./Middlewares/ST/STM32_USB_Host_Library/Core/Src/usbh_ctlreq.o
                0x00000000080075d0                USBH_Get_StringDesc
 .text.USBH_GetDescriptor
                0x000000000800762a       0x74 ./Middlewares/ST/STM32_USB_Host_Library/Core/Src/usbh_ctlreq.o
                0x000000000800762a                USBH_GetDescriptor
 .text.USBH_SetAddress
                0x000000000800769e       0x48 ./Middlewares/ST/STM32_USB_Host_Library/Core/Src/usbh_ctlreq.o
                0x000000000800769e                USBH_SetAddress
 .text.USBH_SetCfg
                0x00000000080076e6       0x46 ./Middlewares/ST/STM32_USB_Host_Library/Core/Src/usbh_ctlreq.o
                0x00000000080076e6                USBH_SetCfg
 .text.USBH_SetFeature
                0x000000000800772c       0x48 ./Middlewares/ST/STM32_USB_Host_Library/Core/Src/usbh_ctlreq.o
                0x000000000800772c                USBH_SetFeature
 .text.USBH_ClrFeature
                0x0000000008007774       0x48 ./Middlewares/ST/STM32_USB_Host_Library/Core/Src/usbh_ctlreq.o
                0x0000000008007774                USBH_ClrFeature
 .text.USBH_ParseDevDesc
                0x00000000080077bc       0xde ./Middlewares/ST/STM32_USB_Host_Library/Core/Src/usbh_ctlreq.o
 .text.USBH_ParseCfgDesc
                0x000000000800789a      0x144 ./Middlewares/ST/STM32_USB_Host_Library/Core/Src/usbh_ctlreq.o
 .text.USBH_ParseInterfaceDesc
                0x00000000080079de       0x5c ./Middlewares/ST/STM32_USB_Host_Library/Core/Src/usbh_ctlreq.o
 .text.USBH_ParseEPDesc
                0x0000000008007a3a       0x58 ./Middlewares/ST/STM32_USB_Host_Library/Core/Src/usbh_ctlreq.o
 .text.USBH_ParseStringDesc
                0x0000000008007a92       0x64 ./Middlewares/ST/STM32_USB_Host_Library/Core/Src/usbh_ctlreq.o
 .text.USBH_GetNextDesc
                0x0000000008007af6       0x34 ./Middlewares/ST/STM32_USB_Host_Library/Core/Src/usbh_ctlreq.o
                0x0000000008007af6                USBH_GetNextDesc
 .text.USBH_CtlReq
                0x0000000008007b2a       0x94 ./Middlewares/ST/STM32_USB_Host_Library/Core/Src/usbh_ctlreq.o
                0x0000000008007b2a                USBH_CtlReq
 *fill*         0x0000000008007bbe        0x2 
 .text.USBH_HandleControl
                0x0000000008007bc0      0x2d0 ./Middlewares/ST/STM32_USB_Host_Library/Core/Src/usbh_ctlreq.o
 .text.USBH_CtlSendSetup
                0x0000000008007e90       0x34 ./Middlewares/ST/STM32_USB_Host_Library/Core/Src/usbh_ioreq.o
                0x0000000008007e90                USBH_CtlSendSetup
 .text.USBH_CtlSendData
                0x0000000008007ec4       0x4a ./Middlewares/ST/STM32_USB_Host_Library/Core/Src/usbh_ioreq.o
                0x0000000008007ec4                USBH_CtlSendData
 .text.USBH_CtlReceiveData
                0x0000000008007f0e       0x3c ./Middlewares/ST/STM32_USB_Host_Library/Core/Src/usbh_ioreq.o
                0x0000000008007f0e                USBH_CtlReceiveData
 .text.USBH_InterruptReceiveData
                0x0000000008007f4a       0x3e ./Middlewares/ST/STM32_USB_Host_Library/Core/Src/usbh_ioreq.o
                0x0000000008007f4a                USBH_InterruptReceiveData
 .text.USBH_OpenPipe
                0x0000000008007f88       0x3e ./Middlewares/ST/STM32_USB_Host_Library/Core/Src/usbh_pipes.o
                0x0000000008007f88                USBH_OpenPipe
 .text.USBH_ClosePipe
                0x0000000008007fc6       0x20 ./Middlewares/ST/STM32_USB_Host_Library/Core/Src/usbh_pipes.o
                0x0000000008007fc6                USBH_ClosePipe
 .text.USBH_AllocPipe
                0x0000000008007fe6       0x3c ./Middlewares/ST/STM32_USB_Host_Library/Core/Src/usbh_pipes.o
                0x0000000008007fe6                USBH_AllocPipe
 .text.USBH_FreePipe
                0x0000000008008022       0x36 ./Middlewares/ST/STM32_USB_Host_Library/Core/Src/usbh_pipes.o
                0x0000000008008022                USBH_FreePipe
 .text.USBH_GetFreePipe
                0x0000000008008058       0x44 ./Middlewares/ST/STM32_USB_Host_Library/Core/Src/usbh_pipes.o
 .text.MX_USB_HOST_Init
                0x000000000800809c       0x4c ./USB_HOST/App/usb_host.o
                0x000000000800809c                MX_USB_HOST_Init
 .text.MX_USB_HOST_Process
                0x00000000080080e8       0x14 ./USB_HOST/App/usb_host.o
                0x00000000080080e8                MX_USB_HOST_Process
 .text.USBH_UserProcess
                0x00000000080080fc       0x58 ./USB_HOST/App/usb_host.o
 .text.USBH_ApplicationState
                0x0000000008008154       0x14 ./USB_HOST/App/usb_host.o
                0x0000000008008154                USBH_ApplicationState
 .text.USBH_GetHost
                0x0000000008008168       0x14 ./USB_HOST/App/usb_host.o
                0x0000000008008168                USBH_GetHost
 .text.HAL_HCD_MspInit
                0x000000000800817c       0x48 ./USB_HOST/Target/usbh_conf.o
                0x000000000800817c                HAL_HCD_MspInit
 .text.HAL_HCD_SOF_Callback
                0x00000000080081c4       0x1c ./USB_HOST/Target/usbh_conf.o
                0x00000000080081c4                HAL_HCD_SOF_Callback
 .text.HAL_HCD_Connect_Callback
                0x00000000080081e0       0x1c ./USB_HOST/Target/usbh_conf.o
                0x00000000080081e0                HAL_HCD_Connect_Callback
 .text.HAL_HCD_Disconnect_Callback
                0x00000000080081fc       0x1c ./USB_HOST/Target/usbh_conf.o
                0x00000000080081fc                HAL_HCD_Disconnect_Callback
 .text.HAL_HCD_HC_NotifyURBChange_Callback
                0x0000000008008218       0x1a ./USB_HOST/Target/usbh_conf.o
                0x0000000008008218                HAL_HCD_HC_NotifyURBChange_Callback
 .text.HAL_HCD_PortEnabled_Callback
                0x0000000008008232       0x1c ./USB_HOST/Target/usbh_conf.o
                0x0000000008008232                HAL_HCD_PortEnabled_Callback
 .text.HAL_HCD_PortDisabled_Callback
                0x000000000800824e       0x1c ./USB_HOST/Target/usbh_conf.o
                0x000000000800824e                HAL_HCD_PortDisabled_Callback
 *fill*         0x000000000800826a        0x2 
 .text.USBH_LL_Init
                0x000000000800826c       0x6c ./USB_HOST/Target/usbh_conf.o
                0x000000000800826c                USBH_LL_Init
 .text.USBH_LL_Start
                0x00000000080082d8       0x36 ./USB_HOST/Target/usbh_conf.o
                0x00000000080082d8                USBH_LL_Start
 .text.USBH_LL_Stop
                0x000000000800830e       0x36 ./USB_HOST/Target/usbh_conf.o
                0x000000000800830e                USBH_LL_Stop
 .text.USBH_LL_GetSpeed
                0x0000000008008344       0x4e ./USB_HOST/Target/usbh_conf.o
                0x0000000008008344                USBH_LL_GetSpeed
 .text.USBH_LL_ResetPort
                0x0000000008008392       0x36 ./USB_HOST/Target/usbh_conf.o
                0x0000000008008392                USBH_LL_ResetPort
 .text.USBH_LL_OpenPipe
                0x00000000080083c8       0x5e ./USB_HOST/Target/usbh_conf.o
                0x00000000080083c8                USBH_LL_OpenPipe
 .text.USBH_LL_ClosePipe
                0x0000000008008426       0x3e ./USB_HOST/Target/usbh_conf.o
                0x0000000008008426                USBH_LL_ClosePipe
 .text.USBH_LL_SubmitURB
                0x0000000008008464       0x62 ./USB_HOST/Target/usbh_conf.o
                0x0000000008008464                USBH_LL_SubmitURB
 .text.USBH_LL_GetURBState
                0x00000000080084c6       0x26 ./USB_HOST/Target/usbh_conf.o
                0x00000000080084c6                USBH_LL_GetURBState
 .text.USBH_LL_DriverVBUS
                0x00000000080084ec       0x1c ./USB_HOST/Target/usbh_conf.o
                0x00000000080084ec                USBH_LL_DriverVBUS
 .text.USBH_LL_SetToggle
                0x0000000008008508       0x64 ./USB_HOST/Target/usbh_conf.o
                0x0000000008008508                USBH_LL_SetToggle
 .text.USBH_Delay
                0x000000000800856c       0x16 ./USB_HOST/Target/usbh_conf.o
                0x000000000800856c                USBH_Delay
 *fill*         0x0000000008008582        0x2 
 .text.USBH_Get_USB_Status
                0x0000000008008584       0x58 ./USB_HOST/Target/usbh_conf.o
                0x0000000008008584                USBH_Get_USB_Status
 .text.__errno  0x00000000080085dc        0xc c:/st/stm32cubeide_1.7.0/stm32cubeide/plugins/com.st.stm32cube.ide.mcu.externaltools.gnu-tools-for-stm32.9-2020-q2-update.win32_2.0.0.202105311346/tools/bin/../lib/gcc/arm-none-eabi/9.3.1/../../../../arm-none-eabi/lib/thumb/v7-m/nofp\libc_nano.a(lib_a-errno.o)
                0x00000000080085dc                __errno
 .text.__libc_init_array
                0x00000000080085e8       0x48 c:/st/stm32cubeide_1.7.0/stm32cubeide/plugins/com.st.stm32cube.ide.mcu.externaltools.gnu-tools-for-stm32.9-2020-q2-update.win32_2.0.0.202105311346/tools/bin/../lib/gcc/arm-none-eabi/9.3.1/../../../../arm-none-eabi/lib/thumb/v7-m/nofp\libc_nano.a(lib_a-init.o)
                0x00000000080085e8                __libc_init_array
 .text.malloc   0x0000000008008630       0x10 c:/st/stm32cubeide_1.7.0/stm32cubeide/plugins/com.st.stm32cube.ide.mcu.externaltools.gnu-tools-for-stm32.9-2020-q2-update.win32_2.0.0.202105311346/tools/bin/../lib/gcc/arm-none-eabi/9.3.1/../../../../arm-none-eabi/lib/thumb/v7-m/nofp\libc_nano.a(lib_a-malloc.o)
                0x0000000008008630                malloc
 .text.free     0x0000000008008640       0x10 c:/st/stm32cubeide_1.7.0/stm32cubeide/plugins/com.st.stm32cube.ide.mcu.externaltools.gnu-tools-for-stm32.9-2020-q2-update.win32_2.0.0.202105311346/tools/bin/../lib/gcc/arm-none-eabi/9.3.1/../../../../arm-none-eabi/lib/thumb/v7-m/nofp\libc_nano.a(lib_a-malloc.o)
                0x0000000008008640                free
 .text.memset   0x0000000008008650       0x10 c:/st/stm32cubeide_1.7.0/stm32cubeide/plugins/com.st.stm32cube.ide.mcu.externaltools.gnu-tools-for-stm32.9-2020-q2-update.win32_2.0.0.202105311346/tools/bin/../lib/gcc/arm-none-eabi/9.3.1/../../../../arm-none-eabi/lib/thumb/v7-m/nofp\libc_nano.a(lib_a-memset.o)
                0x0000000008008650                memset
 .text._free_r  0x0000000008008660       0x98 c:/st/stm32cubeide_1.7.0/stm32cubeide/plugins/com.st.stm32cube.ide.mcu.externaltools.gnu-tools-for-stm32.9-2020-q2-update.win32_2.0.0.202105311346/tools/bin/../lib/gcc/arm-none-eabi/9.3.1/../../../../arm-none-eabi/lib/thumb/v7-m/nofp\libc_nano.a(lib_a-nano-freer.o)
                0x0000000008008660                _free_r
 .text._malloc_r
                0x00000000080086f8       0xb4 c:/st/stm32cubeide_1.7.0/stm32cubeide/plugins/com.st.stm32cube.ide.mcu.externaltools.gnu-tools-for-stm32.9-2020-q2-update.win32_2.0.0.202105311346/tools/bin/../lib/gcc/arm-none-eabi/9.3.1/../../../../arm-none-eabi/lib/thumb/v7-m/nofp\libc_nano.a(lib_a-nano-mallocr.o)
                0x00000000080086f8                _malloc_r
 .text._sbrk_r  0x00000000080087ac       0x20 c:/st/stm32cubeide_1.7.0/stm32cubeide/plugins/com.st.stm32cube.ide.mcu.externaltools.gnu-tools-for-stm32.9-2020-q2-update.win32_2.0.0.202105311346/tools/bin/../lib/gcc/arm-none-eabi/9.3.1/../../../../arm-none-eabi/lib/thumb/v7-m/nofp\libc_nano.a(lib_a-sbrkr.o)
                0x00000000080087ac                _sbrk_r
 .text.__malloc_lock
                0x00000000080087cc        0xc c:/st/stm32cubeide_1.7.0/stm32cubeide/plugins/com.st.stm32cube.ide.mcu.externaltools.gnu-tools-for-stm32.9-2020-q2-update.win32_2.0.0.202105311346/tools/bin/../lib/gcc/arm-none-eabi/9.3.1/../../../../arm-none-eabi/lib/thumb/v7-m/nofp\libc_nano.a(lib_a-mlock.o)
                0x00000000080087cc                __malloc_lock
 .text.__malloc_unlock
                0x00000000080087d8        0xc c:/st/stm32cubeide_1.7.0/stm32cubeide/plugins/com.st.stm32cube.ide.mcu.externaltools.gnu-tools-for-stm32.9-2020-q2-update.win32_2.0.0.202105311346/tools/bin/../lib/gcc/arm-none-eabi/9.3.1/../../../../arm-none-eabi/lib/thumb/v7-m/nofp\libc_nano.a(lib_a-mlock.o)
                0x00000000080087d8                __malloc_unlock
 .text.__retarget_lock_acquire_recursive
                0x00000000080087e4        0x2 c:/st/stm32cubeide_1.7.0/stm32cubeide/plugins/com.st.stm32cube.ide.mcu.externaltools.gnu-tools-for-stm32.9-2020-q2-update.win32_2.0.0.202105311346/tools/bin/../lib/gcc/arm-none-eabi/9.3.1/../../../../arm-none-eabi/lib/thumb/v7-m/nofp\libc_nano.a(lib_a-lock.o)
                0x00000000080087e4                __retarget_lock_acquire_recursive
 .text.__retarget_lock_release_recursive
                0x00000000080087e6        0x2 c:/st/stm32cubeide_1.7.0/stm32cubeide/plugins/com.st.stm32cube.ide.mcu.externaltools.gnu-tools-for-stm32.9-2020-q2-update.win32_2.0.0.202105311346/tools/bin/../lib/gcc/arm-none-eabi/9.3.1/../../../../arm-none-eabi/lib/thumb/v7-m/nofp\libc_nano.a(lib_a-lock.o)
                0x00000000080087e6                __retarget_lock_release_recursive
 *(.glue_7)
 .glue_7        0x00000000080087e8        0x0 linker stubs
 *(.glue_7t)
 .glue_7t       0x00000000080087e8        0x0 linker stubs
 *(.eh_frame)
 .eh_frame      0x00000000080087e8        0x0 c:/st/stm32cubeide_1.7.0/stm32cubeide/plugins/com.st.stm32cube.ide.mcu.externaltools.gnu-tools-for-stm32.9-2020-q2-update.win32_2.0.0.202105311346/tools/bin/../lib/gcc/arm-none-eabi/9.3.1/thumb/v7-m/nofp/crtbegin.o
 *(.init)
 .init          0x00000000080087e8        0x4 c:/st/stm32cubeide_1.7.0/stm32cubeide/plugins/com.st.stm32cube.ide.mcu.externaltools.gnu-tools-for-stm32.9-2020-q2-update.win32_2.0.0.202105311346/tools/bin/../lib/gcc/arm-none-eabi/9.3.1/thumb/v7-m/nofp/crti.o
                0x00000000080087e8                _init
 .init          0x00000000080087ec        0x8 c:/st/stm32cubeide_1.7.0/stm32cubeide/plugins/com.st.stm32cube.ide.mcu.externaltools.gnu-tools-for-stm32.9-2020-q2-update.win32_2.0.0.202105311346/tools/bin/../lib/gcc/arm-none-eabi/9.3.1/thumb/v7-m/nofp/crtn.o
 *(.fini)
 .fini          0x00000000080087f4        0x4 c:/st/stm32cubeide_1.7.0/stm32cubeide/plugins/com.st.stm32cube.ide.mcu.externaltools.gnu-tools-for-stm32.9-2020-q2-update.win32_2.0.0.202105311346/tools/bin/../lib/gcc/arm-none-eabi/9.3.1/thumb/v7-m/nofp/crti.o
                0x00000000080087f4                _fini
 .fini          0x00000000080087f8        0x8 c:/st/stm32cubeide_1.7.0/stm32cubeide/plugins/com.st.stm32cube.ide.mcu.externaltools.gnu-tools-for-stm32.9-2020-q2-update.win32_2.0.0.202105311346/tools/bin/../lib/gcc/arm-none-eabi/9.3.1/thumb/v7-m/nofp/crtn.o
                0x0000000008008800                . = ALIGN (0x4)
                0x0000000008008800                _etext = .

.vfp11_veneer   0x0000000008008800        0x0
 .vfp11_veneer  0x0000000008008800        0x0 linker stubs

.v4_bx          0x0000000008008800        0x0
 .v4_bx         0x0000000008008800        0x0 linker stubs

.iplt           0x0000000008008800        0x0
 .iplt          0x0000000008008800        0x0 c:/st/stm32cubeide_1.7.0/stm32cubeide/plugins/com.st.stm32cube.ide.mcu.externaltools.gnu-tools-for-stm32.9-2020-q2-update.win32_2.0.0.202105311346/tools/bin/../lib/gcc/arm-none-eabi/9.3.1/thumb/v7-m/nofp/crtbegin.o

.rodata         0x0000000008008800       0x34
                0x0000000008008800                . = ALIGN (0x4)
 *(.rodata)
 .rodata        0x0000000008008800       0x20 ./Drivers/STM32F1xx_HAL_Driver/Src/stm32f1xx_hal_rcc.o
 .rodata        0x0000000008008820        0x4 ./Middlewares/ST/STM32_USB_Host_Library/Class/HID/Src/usbh_hid.o
 *(.rodata*)
 .rodata.AHBPrescTable
                0x0000000008008824       0x10 ./Core/Src/system_stm32f1xx.o
                0x0000000008008824                AHBPrescTable
                0x0000000008008834                . = ALIGN (0x4)

.ARM.extab      0x0000000008008834        0x0
                0x0000000008008834                . = ALIGN (0x4)
 *(.ARM.extab* .gnu.linkonce.armextab.*)
                0x0000000008008834                . = ALIGN (0x4)

.ARM            0x0000000008008834        0x8
                0x0000000008008834                . = ALIGN (0x4)
                0x0000000008008834                __exidx_start = .
 *(.ARM.exidx*)
 .ARM.exidx     0x0000000008008834        0x8 c:/st/stm32cubeide_1.7.0/stm32cubeide/plugins/com.st.stm32cube.ide.mcu.externaltools.gnu-tools-for-stm32.9-2020-q2-update.win32_2.0.0.202105311346/tools/bin/../lib/gcc/arm-none-eabi/9.3.1/thumb/v7-m/nofp\libgcc.a(_udivmoddi4.o)
                0x000000000800883c                __exidx_end = .
                0x000000000800883c                . = ALIGN (0x4)

.rel.dyn        0x000000000800883c        0x0
 .rel.iplt      0x000000000800883c        0x0 c:/st/stm32cubeide_1.7.0/stm32cubeide/plugins/com.st.stm32cube.ide.mcu.externaltools.gnu-tools-for-stm32.9-2020-q2-update.win32_2.0.0.202105311346/tools/bin/../lib/gcc/arm-none-eabi/9.3.1/thumb/v7-m/nofp/crtbegin.o

.preinit_array  0x000000000800883c        0x0
                0x000000000800883c                . = ALIGN (0x4)
                0x000000000800883c                PROVIDE (__preinit_array_start = .)
 *(.preinit_array*)
                0x000000000800883c                PROVIDE (__preinit_array_end = .)
                0x000000000800883c                . = ALIGN (0x4)

.init_array     0x000000000800883c        0x4
                0x000000000800883c                . = ALIGN (0x4)
                0x000000000800883c                PROVIDE (__init_array_start = .)
 *(SORT_BY_NAME(.init_array.*))
 *(.init_array*)
 .init_array    0x000000000800883c        0x4 c:/st/stm32cubeide_1.7.0/stm32cubeide/plugins/com.st.stm32cube.ide.mcu.externaltools.gnu-tools-for-stm32.9-2020-q2-update.win32_2.0.0.202105311346/tools/bin/../lib/gcc/arm-none-eabi/9.3.1/thumb/v7-m/nofp/crtbegin.o
                0x0000000008008840                PROVIDE (__init_array_end = .)
                0x0000000008008840                . = ALIGN (0x4)

.fini_array     0x0000000008008840        0x4
                0x0000000008008840                . = ALIGN (0x4)
                [!provide]                        PROVIDE (__fini_array_start = .)
 *(SORT_BY_NAME(.fini_array.*))
 *(.fini_array*)
 .fini_array    0x0000000008008840        0x4 c:/st/stm32cubeide_1.7.0/stm32cubeide/plugins/com.st.stm32cube.ide.mcu.externaltools.gnu-tools-for-stm32.9-2020-q2-update.win32_2.0.0.202105311346/tools/bin/../lib/gcc/arm-none-eabi/9.3.1/thumb/v7-m/nofp/crtbegin.o
                [!provide]                        PROVIDE (__fini_array_end = .)
                0x0000000008008844                . = ALIGN (0x4)
                0x0000000008008844                _sidata = LOADADDR (.data)

.data           0x0000000020000000       0x9c load address 0x0000000008008844
                0x0000000020000000                . = ALIGN (0x4)
                0x0000000020000000                _sdata = .
 *(.data)
 *(.data*)
 .data.xTimerTop
                0x0000000020000000        0x1 ./Core/Src/main.o
                0x0000000020000000                xTimerTop
 .data.yTimerTop
                0x0000000020000001        0x1 ./Core/Src/main.o
                0x0000000020000001                yTimerTop
 *fill*         0x0000000020000002        0x2 
 .data.SystemCoreClock
                0x0000000020000004        0x4 ./Core/Src/system_stm32f1xx.o
                0x0000000020000004                SystemCoreClock
 .data.uwTickPrio
                0x0000000020000008        0x4 ./Drivers/STM32F1xx_HAL_Driver/Src/stm32f1xx_hal.o
                0x0000000020000008                uwTickPrio
 .data.uwTickFreq
                0x000000002000000c        0x1 ./Drivers/STM32F1xx_HAL_Driver/Src/stm32f1xx_hal.o
                0x000000002000000c                uwTickFreq
 *fill*         0x000000002000000d        0x3 
 .data.HID_Class
                0x0000000020000010       0x28 ./Middlewares/ST/STM32_USB_Host_Library/Class/HID/Src/usbh_hid.o
                0x0000000020000010                HID_Class
 .data._impure_ptr
                0x0000000020000038        0x4 c:/st/stm32cubeide_1.7.0/stm32cubeide/plugins/com.st.stm32cube.ide.mcu.externaltools.gnu-tools-for-stm32.9-2020-q2-update.win32_2.0.0.202105311346/tools/bin/../lib/gcc/arm-none-eabi/9.3.1/../../../../arm-none-eabi/lib/thumb/v7-m/nofp\libc_nano.a(lib_a-impure.o)
                0x0000000020000038                _impure_ptr
 .data.impure_data
                0x000000002000003c       0x60 c:/st/stm32cubeide_1.7.0/stm32cubeide/plugins/com.st.stm32cube.ide.mcu.externaltools.gnu-tools-for-stm32.9-2020-q2-update.win32_2.0.0.202105311346/tools/bin/../lib/gcc/arm-none-eabi/9.3.1/../../../../arm-none-eabi/lib/thumb/v7-m/nofp\libc_nano.a(lib_a-impure.o)
 *(.RamFunc)
 *(.RamFunc*)
                0x000000002000009c                . = ALIGN (0x4)
                0x000000002000009c                _edata = .

.igot.plt       0x000000002000009c        0x0 load address 0x00000000080088e0
 .igot.plt      0x000000002000009c        0x0 c:/st/stm32cubeide_1.7.0/stm32cubeide/plugins/com.st.stm32cube.ide.mcu.externaltools.gnu-tools-for-stm32.9-2020-q2-update.win32_2.0.0.202105311346/tools/bin/../lib/gcc/arm-none-eabi/9.3.1/thumb/v7-m/nofp/crtbegin.o
                0x000000002000009c                . = ALIGN (0x4)

.bss            0x000000002000009c      0x788 load address 0x00000000080088e0
                0x000000002000009c                _sbss = .
                0x000000002000009c                __bss_start__ = _sbss
 *(.bss)
 .bss           0x000000002000009c       0x1c c:/st/stm32cubeide_1.7.0/stm32cubeide/plugins/com.st.stm32cube.ide.mcu.externaltools.gnu-tools-for-stm32.9-2020-q2-update.win32_2.0.0.202105311346/tools/bin/../lib/gcc/arm-none-eabi/9.3.1/thumb/v7-m/nofp/crtbegin.o
 *(.bss*)
 .bss.mouseDirectionX
                0x00000000200000b8        0x1 ./Core/Src/main.o
                0x00000000200000b8                mouseDirectionX
 .bss.mouseEncoderPhaseX
                0x00000000200000b9        0x1 ./Core/Src/main.o
                0x00000000200000b9                mouseEncoderPhaseX
 .bss.mouseDirectionY
                0x00000000200000ba        0x1 ./Core/Src/main.o
                0x00000000200000ba                mouseDirectionY
 .bss.mouseEncoderPhaseY
                0x00000000200000bb        0x1 ./Core/Src/main.o
                0x00000000200000bb                mouseEncoderPhaseY
 .bss.mouseDistanceX
                0x00000000200000bc        0x2 ./Core/Src/main.o
                0x00000000200000bc                mouseDistanceX
 .bss.mouseDistanceY
                0x00000000200000be        0x2 ./Core/Src/main.o
                0x00000000200000be                mouseDistanceY
 .bss.__sbrk_heap_end
                0x00000000200000c0        0x4 ./Core/Src/sysmem.o
 .bss.tmpreg.6618
                0x00000000200000c4        0x4 ./Drivers/STM32F1xx_HAL_Driver/Src/stm32f1xx_ll_usb.o
 .bss.HID_Handle.8663
                0x00000000200000c8        0x4 ./Middlewares/ST/STM32_USB_Host_Library/Class/HID/Src/usbh_hid.o
 .bss.gamepad_report_data
                0x00000000200000cc        0x4 ./Middlewares/ST/STM32_USB_Host_Library/Class/HID/Src/usbh_hid_gamepad.o
 .bss.gamepad_info
                0x00000000200000d0        0x1 ./Middlewares/ST/STM32_USB_Host_Library/Class/HID/Src/usbh_hid_gamepad.o
 .bss.Appli_state
                0x00000000200000d1        0x1 ./USB_HOST/App/usb_host.o
                0x00000000200000d1                Appli_state
 *fill*         0x00000000200000d2        0x2 
 .bss.__malloc_free_list
                0x00000000200000d4        0x4 c:/st/stm32cubeide_1.7.0/stm32cubeide/plugins/com.st.stm32cube.ide.mcu.externaltools.gnu-tools-for-stm32.9-2020-q2-update.win32_2.0.0.202105311346/tools/bin/../lib/gcc/arm-none-eabi/9.3.1/../../../../arm-none-eabi/lib/thumb/v7-m/nofp\libc_nano.a(lib_a-nano-mallocr.o)
                0x00000000200000d4                __malloc_free_list
 .bss.__malloc_sbrk_start
                0x00000000200000d8        0x4 c:/st/stm32cubeide_1.7.0/stm32cubeide/plugins/com.st.stm32cube.ide.mcu.externaltools.gnu-tools-for-stm32.9-2020-q2-update.win32_2.0.0.202105311346/tools/bin/../lib/gcc/arm-none-eabi/9.3.1/../../../../arm-none-eabi/lib/thumb/v7-m/nofp\libc_nano.a(lib_a-nano-mallocr.o)
                0x00000000200000d8                __malloc_sbrk_start
 *(COMMON)
 COMMON         0x00000000200000dc       0x80 ./Core/Src/main.o
                0x00000000200000dc                htim3
                0x000000002000011c                htim2
 COMMON         0x000000002000015c        0x4 ./Drivers/STM32F1xx_HAL_Driver/Src/stm32f1xx_hal.o
                0x000000002000015c                uwTick
 COMMON         0x0000000020000160       0x17 ./Middlewares/ST/STM32_USB_Host_Library/Class/HID/Src/usbh_hid_keybd.o
                0x0000000020000160                keybd_report_data
                0x0000000020000168                keybd_info
 *fill*         0x0000000020000177        0x1 
 COMMON         0x0000000020000178        0xc ./Middlewares/ST/STM32_USB_Host_Library/Class/HID/Src/usbh_hid_mouse.o
                0x0000000020000178                mouse_info
                0x0000000020000180                mouse_report_data
 COMMON         0x0000000020000184      0x3cc ./USB_HOST/App/usb_host.o
                0x0000000020000184                hUsbHostFS
 COMMON         0x0000000020000550      0x2c4 ./USB_HOST/Target/usbh_conf.o
                0x0000000020000550                hhcd_USB_OTG_FS
 COMMON         0x0000000020000814        0x4 c:/st/stm32cubeide_1.7.0/stm32cubeide/plugins/com.st.stm32cube.ide.mcu.externaltools.gnu-tools-for-stm32.9-2020-q2-update.win32_2.0.0.202105311346/tools/bin/../lib/gcc/arm-none-eabi/9.3.1/../../../../arm-none-eabi/lib/thumb/v7-m/nofp\libc_nano.a(lib_a-reent.o)
                0x0000000020000814                errno
 COMMON         0x0000000020000818        0x9 c:/st/stm32cubeide_1.7.0/stm32cubeide/plugins/com.st.stm32cube.ide.mcu.externaltools.gnu-tools-for-stm32.9-2020-q2-update.win32_2.0.0.202105311346/tools/bin/../lib/gcc/arm-none-eabi/9.3.1/../../../../arm-none-eabi/lib/thumb/v7-m/nofp\libc_nano.a(lib_a-lock.o)
                0x0000000020000818                __lock___atexit_recursive_mutex
                0x0000000020000819                __lock___arc4random_mutex
                0x000000002000081a                __lock___env_recursive_mutex
                0x000000002000081b                __lock___sinit_recursive_mutex
                0x000000002000081c                __lock___malloc_recursive_mutex
                0x000000002000081d                __lock___at_quick_exit_mutex
                0x000000002000081e                __lock___dd_hash_mutex
                0x000000002000081f                __lock___tz_mutex
                0x0000000020000820                __lock___sfp_recursive_mutex
                0x0000000020000824                . = ALIGN (0x4)
 *fill*         0x0000000020000821        0x3 
                0x0000000020000824                _ebss = .
                0x0000000020000824                __bss_end__ = _ebss

._user_heap_stack
                0x0000000020000824     0x4004 load address 0x00000000080088e0
                0x0000000020000828                . = ALIGN (0x8)
 *fill*         0x0000000020000824        0x4 
                [!provide]                        PROVIDE (end = .)
                0x0000000020000828                PROVIDE (_end = .)
                0x0000000020002828                . = (. + _Min_Heap_Size)
 *fill*         0x0000000020000828     0x2000 
                0x0000000020004828                . = (. + _Min_Stack_Size)
 *fill*         0x0000000020002828     0x2000 
                0x0000000020004828                . = ALIGN (0x8)

/DISCARD/
 libc.a(*)
 libm.a(*)
 libgcc.a(*)

.ARM.attributes
                0x0000000000000000       0x29
 *(.ARM.attributes)
 .ARM.attributes
                0x0000000000000000       0x1d c:/st/stm32cubeide_1.7.0/stm32cubeide/plugins/com.st.stm32cube.ide.mcu.externaltools.gnu-tools-for-stm32.9-2020-q2-update.win32_2.0.0.202105311346/tools/bin/../lib/gcc/arm-none-eabi/9.3.1/thumb/v7-m/nofp/crti.o
 .ARM.attributes
                0x000000000000001d       0x2d c:/st/stm32cubeide_1.7.0/stm32cubeide/plugins/com.st.stm32cube.ide.mcu.externaltools.gnu-tools-for-stm32.9-2020-q2-update.win32_2.0.0.202105311346/tools/bin/../lib/gcc/arm-none-eabi/9.3.1/thumb/v7-m/nofp/crtbegin.o
 .ARM.attributes
                0x000000000000004a       0x2d ./Core/Src/main.o
 .ARM.attributes
                0x0000000000000077       0x2d ./Core/Src/stm32f1xx_hal_msp.o
 .ARM.attributes
                0x00000000000000a4       0x2d ./Core/Src/stm32f1xx_it.o
 .ARM.attributes
                0x00000000000000d1       0x2d ./Core/Src/sysmem.o
 .ARM.attributes
                0x00000000000000fe       0x2d ./Core/Src/system_stm32f1xx.o
 .ARM.attributes
                0x000000000000012b       0x21 ./Core/Startup/startup_stm32f105rbtx.o
 .ARM.attributes
                0x000000000000014c       0x2d ./Drivers/STM32F1xx_HAL_Driver/Src/stm32f1xx_hal.o
 .ARM.attributes
                0x0000000000000179       0x2d ./Drivers/STM32F1xx_HAL_Driver/Src/stm32f1xx_hal_cortex.o
 .ARM.attributes
                0x00000000000001a6       0x2d ./Drivers/STM32F1xx_HAL_Driver/Src/stm32f1xx_hal_gpio.o
 .ARM.attributes
                0x00000000000001d3       0x2d ./Drivers/STM32F1xx_HAL_Driver/Src/stm32f1xx_hal_hcd.o
 .ARM.attributes
                0x0000000000000200       0x2d ./Drivers/STM32F1xx_HAL_Driver/Src/stm32f1xx_hal_rcc.o
 .ARM.attributes
                0x000000000000022d       0x2d ./Drivers/STM32F1xx_HAL_Driver/Src/stm32f1xx_hal_rcc_ex.o
 .ARM.attributes
                0x000000000000025a       0x2d ./Drivers/STM32F1xx_HAL_Driver/Src/stm32f1xx_hal_tim.o
 .ARM.attributes
                0x0000000000000287       0x2d ./Drivers/STM32F1xx_HAL_Driver/Src/stm32f1xx_hal_tim_ex.o
 .ARM.attributes
                0x00000000000002b4       0x2d ./Drivers/STM32F1xx_HAL_Driver/Src/stm32f1xx_ll_usb.o
 .ARM.attributes
                0x00000000000002e1       0x2d ./Middlewares/ST/STM32_USB_Host_Library/Class/HID/Src/usbh_hid.o
 .ARM.attributes
                0x000000000000030e       0x2d ./Middlewares/ST/STM32_USB_Host_Library/Class/HID/Src/usbh_hid_gamepad.o
 .ARM.attributes
                0x000000000000033b       0x2d ./Middlewares/ST/STM32_USB_Host_Library/Class/HID/Src/usbh_hid_keybd.o
 .ARM.attributes
                0x0000000000000368       0x2d ./Middlewares/ST/STM32_USB_Host_Library/Class/HID/Src/usbh_hid_mouse.o
 .ARM.attributes
                0x0000000000000395       0x2d ./Middlewares/ST/STM32_USB_Host_Library/Class/HID/Src/usbh_hid_reportparser.o
 .ARM.attributes
                0x00000000000003c2       0x2d ./Middlewares/ST/STM32_USB_Host_Library/Core/Src/usbh_core.o
 .ARM.attributes
                0x00000000000003ef       0x2d ./Middlewares/ST/STM32_USB_Host_Library/Core/Src/usbh_ctlreq.o
 .ARM.attributes
                0x000000000000041c       0x2d ./Middlewares/ST/STM32_USB_Host_Library/Core/Src/usbh_ioreq.o
 .ARM.attributes
                0x0000000000000449       0x2d ./Middlewares/ST/STM32_USB_Host_Library/Core/Src/usbh_pipes.o
 .ARM.attributes
                0x0000000000000476       0x2d ./USB_HOST/App/usb_host.o
 .ARM.attributes
                0x00000000000004a3       0x2d ./USB_HOST/Target/usbh_conf.o
 .ARM.attributes
                0x00000000000004d0       0x2d c:/st/stm32cubeide_1.7.0/stm32cubeide/plugins/com.st.stm32cube.ide.mcu.externaltools.gnu-tools-for-stm32.9-2020-q2-update.win32_2.0.0.202105311346/tools/bin/../lib/gcc/arm-none-eabi/9.3.1/../../../../arm-none-eabi/lib/thumb/v7-m/nofp\libc_nano.a(lib_a-errno.o)
 .ARM.attributes
                0x00000000000004fd       0x2d c:/st/stm32cubeide_1.7.0/stm32cubeide/plugins/com.st.stm32cube.ide.mcu.externaltools.gnu-tools-for-stm32.9-2020-q2-update.win32_2.0.0.202105311346/tools/bin/../lib/gcc/arm-none-eabi/9.3.1/../../../../arm-none-eabi/lib/thumb/v7-m/nofp\libc_nano.a(lib_a-impure.o)
 .ARM.attributes
                0x000000000000052a       0x2d c:/st/stm32cubeide_1.7.0/stm32cubeide/plugins/com.st.stm32cube.ide.mcu.externaltools.gnu-tools-for-stm32.9-2020-q2-update.win32_2.0.0.202105311346/tools/bin/../lib/gcc/arm-none-eabi/9.3.1/../../../../arm-none-eabi/lib/thumb/v7-m/nofp\libc_nano.a(lib_a-init.o)
 .ARM.attributes
                0x0000000000000557       0x2d c:/st/stm32cubeide_1.7.0/stm32cubeide/plugins/com.st.stm32cube.ide.mcu.externaltools.gnu-tools-for-stm32.9-2020-q2-update.win32_2.0.0.202105311346/tools/bin/../lib/gcc/arm-none-eabi/9.3.1/../../../../arm-none-eabi/lib/thumb/v7-m/nofp\libc_nano.a(lib_a-malloc.o)
 .ARM.attributes
                0x0000000000000584       0x2d c:/st/stm32cubeide_1.7.0/stm32cubeide/plugins/com.st.stm32cube.ide.mcu.externaltools.gnu-tools-for-stm32.9-2020-q2-update.win32_2.0.0.202105311346/tools/bin/../lib/gcc/arm-none-eabi/9.3.1/../../../../arm-none-eabi/lib/thumb/v7-m/nofp\libc_nano.a(lib_a-memset.o)
 .ARM.attributes
                0x00000000000005b1       0x2d c:/st/stm32cubeide_1.7.0/stm32cubeide/plugins/com.st.stm32cube.ide.mcu.externaltools.gnu-tools-for-stm32.9-2020-q2-update.win32_2.0.0.202105311346/tools/bin/../lib/gcc/arm-none-eabi/9.3.1/../../../../arm-none-eabi/lib/thumb/v7-m/nofp\libc_nano.a(lib_a-nano-freer.o)
 .ARM.attributes
                0x00000000000005de       0x2d c:/st/stm32cubeide_1.7.0/stm32cubeide/plugins/com.st.stm32cube.ide.mcu.externaltools.gnu-tools-for-stm32.9-2020-q2-update.win32_2.0.0.202105311346/tools/bin/../lib/gcc/arm-none-eabi/9.3.1/../../../../arm-none-eabi/lib/thumb/v7-m/nofp\libc_nano.a(lib_a-nano-mallocr.o)
 .ARM.attributes
                0x000000000000060b       0x2d c:/st/stm32cubeide_1.7.0/stm32cubeide/plugins/com.st.stm32cube.ide.mcu.externaltools.gnu-tools-for-stm32.9-2020-q2-update.win32_2.0.0.202105311346/tools/bin/../lib/gcc/arm-none-eabi/9.3.1/../../../../arm-none-eabi/lib/thumb/v7-m/nofp\libc_nano.a(lib_a-sbrkr.o)
 .ARM.attributes
                0x0000000000000638       0x2d c:/st/stm32cubeide_1.7.0/stm32cubeide/plugins/com.st.stm32cube.ide.mcu.externaltools.gnu-tools-for-stm32.9-2020-q2-update.win32_2.0.0.202105311346/tools/bin/../lib/gcc/arm-none-eabi/9.3.1/../../../../arm-none-eabi/lib/thumb/v7-m/nofp\libc_nano.a(lib_a-mlock.o)
 .ARM.attributes
                0x0000000000000665       0x2d c:/st/stm32cubeide_1.7.0/stm32cubeide/plugins/com.st.stm32cube.ide.mcu.externaltools.gnu-tools-for-stm32.9-2020-q2-update.win32_2.0.0.202105311346/tools/bin/../lib/gcc/arm-none-eabi/9.3.1/../../../../arm-none-eabi/lib/thumb/v7-m/nofp\libc_nano.a(lib_a-reent.o)
 .ARM.attributes
                0x0000000000000692       0x2d c:/st/stm32cubeide_1.7.0/stm32cubeide/plugins/com.st.stm32cube.ide.mcu.externaltools.gnu-tools-for-stm32.9-2020-q2-update.win32_2.0.0.202105311346/tools/bin/../lib/gcc/arm-none-eabi/9.3.1/../../../../arm-none-eabi/lib/thumb/v7-m/nofp\libc_nano.a(lib_a-lock.o)
 .ARM.attributes
                0x00000000000006bf       0x1d c:/st/stm32cubeide_1.7.0/stm32cubeide/plugins/com.st.stm32cube.ide.mcu.externaltools.gnu-tools-for-stm32.9-2020-q2-update.win32_2.0.0.202105311346/tools/bin/../lib/gcc/arm-none-eabi/9.3.1/thumb/v7-m/nofp\libgcc.a(_aeabi_uldivmod.o)
 .ARM.attributes
                0x00000000000006dc       0x2d c:/st/stm32cubeide_1.7.0/stm32cubeide/plugins/com.st.stm32cube.ide.mcu.externaltools.gnu-tools-for-stm32.9-2020-q2-update.win32_2.0.0.202105311346/tools/bin/../lib/gcc/arm-none-eabi/9.3.1/thumb/v7-m/nofp\libgcc.a(_udivmoddi4.o)
 .ARM.attributes
                0x0000000000000709       0x1d c:/st/stm32cubeide_1.7.0/stm32cubeide/plugins/com.st.stm32cube.ide.mcu.externaltools.gnu-tools-for-stm32.9-2020-q2-update.win32_2.0.0.202105311346/tools/bin/../lib/gcc/arm-none-eabi/9.3.1/thumb/v7-m/nofp\libgcc.a(_dvmd_tls.o)
 .ARM.attributes
                0x0000000000000726       0x1d c:/st/stm32cubeide_1.7.0/stm32cubeide/plugins/com.st.stm32cube.ide.mcu.externaltools.gnu-tools-for-stm32.9-2020-q2-update.win32_2.0.0.202105311346/tools/bin/../lib/gcc/arm-none-eabi/9.3.1/thumb/v7-m/nofp/crtn.o
OUTPUT(USB2DB9.elf elf32-littlearm)
LOAD linker stubs
LOAD c:/st/stm32cubeide_1.7.0/stm32cubeide/plugins/com.st.stm32cube.ide.mcu.externaltools.gnu-tools-for-stm32.9-2020-q2-update.win32_2.0.0.202105311346/tools/bin/../lib/gcc/arm-none-eabi/9.3.1/../../../../arm-none-eabi/lib/thumb/v7-m/nofp\libc.a
LOAD c:/st/stm32cubeide_1.7.0/stm32cubeide/plugins/com.st.stm32cube.ide.mcu.externaltools.gnu-tools-for-stm32.9-2020-q2-update.win32_2.0.0.202105311346/tools/bin/../lib/gcc/arm-none-eabi/9.3.1/../../../../arm-none-eabi/lib/thumb/v7-m/nofp\libm.a
LOAD c:/st/stm32cubeide_1.7.0/stm32cubeide/plugins/com.st.stm32cube.ide.mcu.externaltools.gnu-tools-for-stm32.9-2020-q2-update.win32_2.0.0.202105311346/tools/bin/../lib/gcc/arm-none-eabi/9.3.1/thumb/v7-m/nofp\libgcc.a

.debug_info     0x0000000000000000    0x1d74d
 .debug_info    0x0000000000000000     0x2090 ./Core/Src/main.o
 .debug_info    0x0000000000002090      0xa08 ./Core/Src/stm32f1xx_hal_msp.o
 .debug_info    0x0000000000002a98      0xbf0 ./Core/Src/stm32f1xx_it.o
 .debug_info    0x0000000000003688      0xa25 ./Core/Src/sysmem.o
 .debug_info    0x00000000000040ad      0x2ef ./Core/Src/system_stm32f1xx.o
 .debug_info    0x000000000000439c       0x22 ./Core/Startup/startup_stm32f105rbtx.o
 .debug_info    0x00000000000043be      0x7ce ./Drivers/STM32F1xx_HAL_Driver/Src/stm32f1xx_hal.o
 .debug_info    0x0000000000004b8c      0xc30 ./Drivers/STM32F1xx_HAL_Driver/Src/stm32f1xx_hal_cortex.o
 .debug_info    0x00000000000057bc      0x701 ./Drivers/STM32F1xx_HAL_Driver/Src/stm32f1xx_hal_gpio.o
 .debug_info    0x0000000000005ebd      0xf06 ./Drivers/STM32F1xx_HAL_Driver/Src/stm32f1xx_hal_hcd.o
 .debug_info    0x0000000000006dc3      0x930 ./Drivers/STM32F1xx_HAL_Driver/Src/stm32f1xx_hal_rcc.o
 .debug_info    0x00000000000076f3      0x648 ./Drivers/STM32F1xx_HAL_Driver/Src/stm32f1xx_hal_rcc_ex.o
 .debug_info    0x0000000000007d3b     0x2674 ./Drivers/STM32F1xx_HAL_Driver/Src/stm32f1xx_hal_tim.o
 .debug_info    0x000000000000a3af     0x1206 ./Drivers/STM32F1xx_HAL_Driver/Src/stm32f1xx_hal_tim_ex.o
 .debug_info    0x000000000000b5b5     0x1a06 ./Drivers/STM32F1xx_HAL_Driver/Src/stm32f1xx_ll_usb.o
 .debug_info    0x000000000000cfbb     0x1dbb ./Middlewares/ST/STM32_USB_Host_Library/Class/HID/Src/usbh_hid.o
 .debug_info    0x000000000000ed76     0x1907 ./Middlewares/ST/STM32_USB_Host_Library/Class/HID/Src/usbh_hid_gamepad.o
 .debug_info    0x000000000001067d     0x1a1b ./Middlewares/ST/STM32_USB_Host_Library/Class/HID/Src/usbh_hid_keybd.o
 .debug_info    0x0000000000012098     0x1924 ./Middlewares/ST/STM32_USB_Host_Library/Class/HID/Src/usbh_hid_mouse.o
 .debug_info    0x00000000000139bc      0xd8a ./Middlewares/ST/STM32_USB_Host_Library/Class/HID/Src/usbh_hid_reportparser.o
 .debug_info    0x0000000000014746     0x17fd ./Middlewares/ST/STM32_USB_Host_Library/Core/Src/usbh_core.o
 .debug_info    0x0000000000015f43     0x18da ./Middlewares/ST/STM32_USB_Host_Library/Core/Src/usbh_ctlreq.o
 .debug_info    0x000000000001781d     0x1611 ./Middlewares/ST/STM32_USB_Host_Library/Core/Src/usbh_ioreq.o
 .debug_info    0x0000000000018e2e     0x1439 ./Middlewares/ST/STM32_USB_Host_Library/Core/Src/usbh_pipes.o
 .debug_info    0x000000000001a267     0x13ae ./USB_HOST/App/usb_host.o
 .debug_info    0x000000000001b615     0x2138 ./USB_HOST/Target/usbh_conf.o

.debug_abbrev   0x0000000000000000     0x4120
 .debug_abbrev  0x0000000000000000      0x34a ./Core/Src/main.o
 .debug_abbrev  0x000000000000034a      0x1b7 ./Core/Src/stm32f1xx_hal_msp.o
 .debug_abbrev  0x0000000000000501      0x1c7 ./Core/Src/stm32f1xx_it.o
 .debug_abbrev  0x00000000000006c8      0x1bf ./Core/Src/sysmem.o
 .debug_abbrev  0x0000000000000887      0x145 ./Core/Src/system_stm32f1xx.o
 .debug_abbrev  0x00000000000009cc       0x12 ./Core/Startup/startup_stm32f105rbtx.o
 .debug_abbrev  0x00000000000009de      0x200 ./Drivers/STM32F1xx_HAL_Driver/Src/stm32f1xx_hal.o
 .debug_abbrev  0x0000000000000bde      0x313 ./Drivers/STM32F1xx_HAL_Driver/Src/stm32f1xx_hal_cortex.o
 .debug_abbrev  0x0000000000000ef1      0x1e8 ./Drivers/STM32F1xx_HAL_Driver/Src/stm32f1xx_hal_gpio.o
 .debug_abbrev  0x00000000000010d9      0x28d ./Drivers/STM32F1xx_HAL_Driver/Src/stm32f1xx_hal_hcd.o
 .debug_abbrev  0x0000000000001366      0x255 ./Drivers/STM32F1xx_HAL_Driver/Src/stm32f1xx_hal_rcc.o
 .debug_abbrev  0x00000000000015bb      0x1b3 ./Drivers/STM32F1xx_HAL_Driver/Src/stm32f1xx_hal_rcc_ex.o
 .debug_abbrev  0x000000000000176e      0x25e ./Drivers/STM32F1xx_HAL_Driver/Src/stm32f1xx_hal_tim.o
 .debug_abbrev  0x00000000000019cc      0x24c ./Drivers/STM32F1xx_HAL_Driver/Src/stm32f1xx_hal_tim_ex.o
 .debug_abbrev  0x0000000000001c18      0x2a7 ./Drivers/STM32F1xx_HAL_Driver/Src/stm32f1xx_ll_usb.o
 .debug_abbrev  0x0000000000001ebf      0x3b8 ./Middlewares/ST/STM32_USB_Host_Library/Class/HID/Src/usbh_hid.o
 .debug_abbrev  0x0000000000002277      0x318 ./Middlewares/ST/STM32_USB_Host_Library/Class/HID/Src/usbh_hid_gamepad.o
 .debug_abbrev  0x000000000000258f      0x326 ./Middlewares/ST/STM32_USB_Host_Library/Class/HID/Src/usbh_hid_keybd.o
 .debug_abbrev  0x00000000000028b5      0x32d ./Middlewares/ST/STM32_USB_Host_Library/Class/HID/Src/usbh_hid_mouse.o
 .debug_abbrev  0x0000000000002be2      0x228 ./Middlewares/ST/STM32_USB_Host_Library/Class/HID/Src/usbh_hid_reportparser.o
 .debug_abbrev  0x0000000000002e0a      0x3bb ./Middlewares/ST/STM32_USB_Host_Library/Core/Src/usbh_core.o
 .debug_abbrev  0x00000000000031c5      0x367 ./Middlewares/ST/STM32_USB_Host_Library/Core/Src/usbh_ctlreq.o
 .debug_abbrev  0x000000000000352c      0x2b5 ./Middlewares/ST/STM32_USB_Host_Library/Core/Src/usbh_ioreq.o
 .debug_abbrev  0x00000000000037e1      0x2f3 ./Middlewares/ST/STM32_USB_Host_Library/Core/Src/usbh_pipes.o
 .debug_abbrev  0x0000000000003ad4      0x2c0 ./USB_HOST/App/usb_host.o
 .debug_abbrev  0x0000000000003d94      0x38c ./USB_HOST/Target/usbh_conf.o

.debug_aranges  0x0000000000000000     0x10b0
 .debug_aranges
                0x0000000000000000       0x58 ./Core/Src/main.o
 .debug_aranges
                0x0000000000000058       0x30 ./Core/Src/stm32f1xx_hal_msp.o
 .debug_aranges
                0x0000000000000088       0x78 ./Core/Src/stm32f1xx_it.o
 .debug_aranges
                0x0000000000000100       0x20 ./Core/Src/sysmem.o
 .debug_aranges
                0x0000000000000120       0x28 ./Core/Src/system_stm32f1xx.o
 .debug_aranges
                0x0000000000000148       0x28 ./Core/Startup/startup_stm32f105rbtx.o
 .debug_aranges
                0x0000000000000170       0xe0 ./Drivers/STM32F1xx_HAL_Driver/Src/stm32f1xx_hal.o
 .debug_aranges
                0x0000000000000250      0x100 ./Drivers/STM32F1xx_HAL_Driver/Src/stm32f1xx_hal_cortex.o
 .debug_aranges
                0x0000000000000350       0x58 ./Drivers/STM32F1xx_HAL_Driver/Src/stm32f1xx_hal_gpio.o
 .debug_aranges
                0x00000000000003a8       0xf0 ./Drivers/STM32F1xx_HAL_Driver/Src/stm32f1xx_hal_hcd.o
 .debug_aranges
                0x0000000000000498       0x90 ./Drivers/STM32F1xx_HAL_Driver/Src/stm32f1xx_hal_rcc.o
 .debug_aranges
                0x0000000000000528       0x50 ./Drivers/STM32F1xx_HAL_Driver/Src/stm32f1xx_hal_rcc_ex.o
 .debug_aranges
                0x0000000000000578      0x3a8 ./Drivers/STM32F1xx_HAL_Driver/Src/stm32f1xx_hal_tim.o
 .debug_aranges
                0x0000000000000920      0x150 ./Drivers/STM32F1xx_HAL_Driver/Src/stm32f1xx_hal_tim_ex.o
 .debug_aranges
                0x0000000000000a70      0x198 ./Drivers/STM32F1xx_HAL_Driver/Src/stm32f1xx_ll_usb.o
 .debug_aranges
                0x0000000000000c08       0xc0 ./Middlewares/ST/STM32_USB_Host_Library/Class/HID/Src/usbh_hid.o
 .debug_aranges
                0x0000000000000cc8       0x38 ./Middlewares/ST/STM32_USB_Host_Library/Class/HID/Src/usbh_hid_gamepad.o
 .debug_aranges
                0x0000000000000d00       0x38 ./Middlewares/ST/STM32_USB_Host_Library/Class/HID/Src/usbh_hid_keybd.o
 .debug_aranges
                0x0000000000000d38       0x38 ./Middlewares/ST/STM32_USB_Host_Library/Class/HID/Src/usbh_hid_mouse.o
 .debug_aranges
                0x0000000000000d70       0x28 ./Middlewares/ST/STM32_USB_Host_Library/Class/HID/Src/usbh_hid_reportparser.o
 .debug_aranges
                0x0000000000000d98       0xc0 ./Middlewares/ST/STM32_USB_Host_Library/Core/Src/usbh_core.o
 .debug_aranges
                0x0000000000000e58       0xa0 ./Middlewares/ST/STM32_USB_Host_Library/Core/Src/usbh_ctlreq.o
 .debug_aranges
                0x0000000000000ef8       0x60 ./Middlewares/ST/STM32_USB_Host_Library/Core/Src/usbh_ioreq.o
 .debug_aranges
                0x0000000000000f58       0x40 ./Middlewares/ST/STM32_USB_Host_Library/Core/Src/usbh_pipes.o
 .debug_aranges
                0x0000000000000f98       0x40 ./USB_HOST/App/usb_host.o
 .debug_aranges
                0x0000000000000fd8       0xd8 ./USB_HOST/Target/usbh_conf.o

.debug_ranges   0x0000000000000000      0xf30
 .debug_ranges  0x0000000000000000       0x48 ./Core/Src/main.o
 .debug_ranges  0x0000000000000048       0x20 ./Core/Src/stm32f1xx_hal_msp.o
 .debug_ranges  0x0000000000000068       0x68 ./Core/Src/stm32f1xx_it.o
 .debug_ranges  0x00000000000000d0       0x10 ./Core/Src/sysmem.o
 .debug_ranges  0x00000000000000e0       0x18 ./Core/Src/system_stm32f1xx.o
 .debug_ranges  0x00000000000000f8       0x20 ./Core/Startup/startup_stm32f105rbtx.o
 .debug_ranges  0x0000000000000118       0xd0 ./Drivers/STM32F1xx_HAL_Driver/Src/stm32f1xx_hal.o
 .debug_ranges  0x00000000000001e8       0xf0 ./Drivers/STM32F1xx_HAL_Driver/Src/stm32f1xx_hal_cortex.o
 .debug_ranges  0x00000000000002d8       0x48 ./Drivers/STM32F1xx_HAL_Driver/Src/stm32f1xx_hal_gpio.o
 .debug_ranges  0x0000000000000320       0xe0 ./Drivers/STM32F1xx_HAL_Driver/Src/stm32f1xx_hal_hcd.o
 .debug_ranges  0x0000000000000400       0x80 ./Drivers/STM32F1xx_HAL_Driver/Src/stm32f1xx_hal_rcc.o
 .debug_ranges  0x0000000000000480       0x40 ./Drivers/STM32F1xx_HAL_Driver/Src/stm32f1xx_hal_rcc_ex.o
 .debug_ranges  0x00000000000004c0      0x398 ./Drivers/STM32F1xx_HAL_Driver/Src/stm32f1xx_hal_tim.o
 .debug_ranges  0x0000000000000858      0x140 ./Drivers/STM32F1xx_HAL_Driver/Src/stm32f1xx_hal_tim_ex.o
 .debug_ranges  0x0000000000000998      0x188 ./Drivers/STM32F1xx_HAL_Driver/Src/stm32f1xx_ll_usb.o
 .debug_ranges  0x0000000000000b20       0xb0 ./Middlewares/ST/STM32_USB_Host_Library/Class/HID/Src/usbh_hid.o
 .debug_ranges  0x0000000000000bd0       0x28 ./Middlewares/ST/STM32_USB_Host_Library/Class/HID/Src/usbh_hid_gamepad.o
 .debug_ranges  0x0000000000000bf8       0x28 ./Middlewares/ST/STM32_USB_Host_Library/Class/HID/Src/usbh_hid_keybd.o
 .debug_ranges  0x0000000000000c20       0x28 ./Middlewares/ST/STM32_USB_Host_Library/Class/HID/Src/usbh_hid_mouse.o
 .debug_ranges  0x0000000000000c48       0x18 ./Middlewares/ST/STM32_USB_Host_Library/Class/HID/Src/usbh_hid_reportparser.o
 .debug_ranges  0x0000000000000c60       0xc8 ./Middlewares/ST/STM32_USB_Host_Library/Core/Src/usbh_core.o
 .debug_ranges  0x0000000000000d28       0x90 ./Middlewares/ST/STM32_USB_Host_Library/Core/Src/usbh_ctlreq.o
 .debug_ranges  0x0000000000000db8       0x50 ./Middlewares/ST/STM32_USB_Host_Library/Core/Src/usbh_ioreq.o
 .debug_ranges  0x0000000000000e08       0x30 ./Middlewares/ST/STM32_USB_Host_Library/Core/Src/usbh_pipes.o
 .debug_ranges  0x0000000000000e38       0x30 ./USB_HOST/App/usb_host.o
 .debug_ranges  0x0000000000000e68       0xc8 ./USB_HOST/Target/usbh_conf.o

.debug_macro    0x0000000000000000    0x1f773
 .debug_macro   0x0000000000000000      0x441 ./Core/Src/main.o
 .debug_macro   0x0000000000000441      0xa9c ./Core/Src/main.o
 .debug_macro   0x0000000000000edd      0x21b ./Core/Src/main.o
 .debug_macro   0x00000000000010f8       0x2e ./Core/Src/main.o
 .debug_macro   0x0000000000001126       0x22 ./Core/Src/main.o
 .debug_macro   0x0000000000001148       0x22 ./Core/Src/main.o
 .debug_macro   0x000000000000116a       0x8e ./Core/Src/main.o
 .debug_macro   0x00000000000011f8       0x51 ./Core/Src/main.o
 .debug_macro   0x0000000000001249      0x103 ./Core/Src/main.o
 .debug_macro   0x000000000000134c       0x6a ./Core/Src/main.o
 .debug_macro   0x00000000000013b6      0x1df ./Core/Src/main.o
 .debug_macro   0x0000000000001595       0x1c ./Core/Src/main.o
 .debug_macro   0x00000000000015b1       0x22 ./Core/Src/main.o
 .debug_macro   0x00000000000015d3       0xc3 ./Core/Src/main.o
 .debug_macro   0x0000000000001696      0xd23 ./Core/Src/main.o
 .debug_macro   0x00000000000023b9    0x14912 ./Core/Src/main.o
 .debug_macro   0x0000000000016ccb       0x43 ./Core/Src/main.o
 .debug_macro   0x0000000000016d0e      0x174 ./Core/Src/main.o
 .debug_macro   0x0000000000016e82       0x5a ./Core/Src/main.o
 .debug_macro   0x0000000000016edc      0x5be ./Core/Src/main.o
 .debug_macro   0x000000000001749a      0x644 ./Core/Src/main.o
 .debug_macro   0x0000000000017ade      0x1cb ./Core/Src/main.o
 .debug_macro   0x0000000000017ca9      0x114 ./Core/Src/main.o
 .debug_macro   0x0000000000017dbd      0x214 ./Core/Src/main.o
 .debug_macro   0x0000000000017fd1       0x27 ./Core/Src/main.o
 .debug_macro   0x0000000000017ff8      0x13c ./Core/Src/main.o
 .debug_macro   0x0000000000018134      0x1bc ./Core/Src/main.o
 .debug_macro   0x00000000000182f0       0x30 ./Core/Src/main.o
 .debug_macro   0x0000000000018320       0x3c ./Core/Src/main.o
 .debug_macro   0x000000000001835c       0x57 ./Core/Src/main.o
 .debug_macro   0x00000000000183b3       0x88 ./Core/Src/main.o
 .debug_macro   0x000000000001843b      0x24f ./Core/Src/main.o
 .debug_macro   0x000000000001868a      0x141 ./Core/Src/main.o
 .debug_macro   0x00000000000187cb      0x88b ./Core/Src/main.o
 .debug_macro   0x0000000000019056      0x1ed ./Core/Src/main.o
 .debug_macro   0x0000000000019243       0x62 ./Core/Src/main.o
 .debug_macro   0x00000000000192a5       0xdf ./Core/Src/main.o
 .debug_macro   0x0000000000019384       0x70 ./Core/Src/main.o
 .debug_macro   0x00000000000193f4       0x52 ./Core/Src/main.o
 .debug_macro   0x0000000000019446       0x18 ./Core/Src/main.o
 .debug_macro   0x000000000001945e       0x3c ./Core/Src/main.o
 .debug_macro   0x000000000001949a       0x34 ./Core/Src/main.o
 .debug_macro   0x00000000000194ce       0x16 ./Core/Src/main.o
 .debug_macro   0x00000000000194e4       0x35 ./Core/Src/main.o
 .debug_macro   0x0000000000019519      0x333 ./Core/Src/main.o
 .debug_macro   0x000000000001984c       0x10 ./Core/Src/main.o
 .debug_macro   0x000000000001985c       0x16 ./Core/Src/main.o
 .debug_macro   0x0000000000019872       0x43 ./Core/Src/main.o
 .debug_macro   0x00000000000198b5       0x34 ./Core/Src/main.o
 .debug_macro   0x00000000000198e9       0x10 ./Core/Src/main.o
 .debug_macro   0x00000000000198f9       0x58 ./Core/Src/main.o
 .debug_macro   0x0000000000019951       0x71 ./Core/Src/main.o
 .debug_macro   0x00000000000199c2       0x1c ./Core/Src/main.o
 .debug_macro   0x00000000000199de      0x12a ./Core/Src/main.o
 .debug_macro   0x0000000000019b08       0x10 ./Core/Src/main.o
 .debug_macro   0x0000000000019b18       0x1c ./Core/Src/main.o
 .debug_macro   0x0000000000019b34       0x52 ./Core/Src/main.o
 .debug_macro   0x0000000000019b86       0x22 ./Core/Src/main.o
 .debug_macro   0x0000000000019ba8       0x10 ./Core/Src/main.o
 .debug_macro   0x0000000000019bb8       0x40 ./Core/Src/main.o
 .debug_macro   0x0000000000019bf8       0xd5 ./Core/Src/main.o
 .debug_macro   0x0000000000019ccd       0x1c ./Core/Src/main.o
 .debug_macro   0x0000000000019ce9       0x3d ./Core/Src/main.o
 .debug_macro   0x0000000000019d26       0x16 ./Core/Src/main.o
 .debug_macro   0x0000000000019d3c      0x145 ./Core/Src/main.o
 .debug_macro   0x0000000000019e81       0x16 ./Core/Src/main.o
 .debug_macro   0x0000000000019e97       0x16 ./Core/Src/main.o
 .debug_macro   0x0000000000019ead       0x29 ./Core/Src/main.o
 .debug_macro   0x0000000000019ed6       0x16 ./Core/Src/main.o
 .debug_macro   0x0000000000019eec       0x20 ./Core/Src/main.o
 .debug_macro   0x0000000000019f0c       0x73 ./Core/Src/main.o
 .debug_macro   0x0000000000019f7f       0x22 ./Core/Src/main.o
 .debug_macro   0x0000000000019fa1      0x20a ./Core/Src/main.o
 .debug_macro   0x000000000001a1ab       0x2e ./Core/Src/main.o
 .debug_macro   0x000000000001a1d9       0x2e ./Core/Src/main.o
 .debug_macro   0x000000000001a207       0x28 ./Core/Src/main.o
 .debug_macro   0x000000000001a22f      0x5b6 ./Core/Src/main.o
 .debug_macro   0x000000000001a7e5      0x12f ./Core/Src/main.o
 .debug_macro   0x000000000001a914      0x1b8 ./Core/Src/stm32f1xx_hal_msp.o
 .debug_macro   0x000000000001aacc      0x1c2 ./Core/Src/stm32f1xx_it.o
 .debug_macro   0x000000000001ac8e       0xff ./Core/Src/sysmem.o
 .debug_macro   0x000000000001ad8d      0x23b ./Core/Src/sysmem.o
 .debug_macro   0x000000000001afc8      0x1a9 ./Core/Src/system_stm32f1xx.o
 .debug_macro   0x000000000001b171      0x1cd ./Drivers/STM32F1xx_HAL_Driver/Src/stm32f1xx_hal.o
 .debug_macro   0x000000000001b33e      0x1a9 ./Drivers/STM32F1xx_HAL_Driver/Src/stm32f1xx_hal_cortex.o
 .debug_macro   0x000000000001b4e7      0x214 ./Drivers/STM32F1xx_HAL_Driver/Src/stm32f1xx_hal_gpio.o
 .debug_macro   0x000000000001b6fb      0x1a9 ./Drivers/STM32F1xx_HAL_Driver/Src/stm32f1xx_hal_hcd.o
 .debug_macro   0x000000000001b8a4      0x1bb ./Drivers/STM32F1xx_HAL_Driver/Src/stm32f1xx_hal_rcc.o
 .debug_macro   0x000000000001ba5f      0x1a9 ./Drivers/STM32F1xx_HAL_Driver/Src/stm32f1xx_hal_rcc_ex.o
 .debug_macro   0x000000000001bc08      0x1aa ./Drivers/STM32F1xx_HAL_Driver/Src/stm32f1xx_hal_tim.o
 .debug_macro   0x000000000001bdb2      0x1a9 ./Drivers/STM32F1xx_HAL_Driver/Src/stm32f1xx_hal_tim_ex.o
 .debug_macro   0x000000000001bf5b      0x1a9 ./Drivers/STM32F1xx_HAL_Driver/Src/stm32f1xx_ll_usb.o
 .debug_macro   0x000000000001c104      0x41e ./Middlewares/ST/STM32_USB_Host_Library/Class/HID/Src/usbh_hid.o
 .debug_macro   0x000000000001c522       0x97 ./Middlewares/ST/STM32_USB_Host_Library/Class/HID/Src/usbh_hid.o
 .debug_macro   0x000000000001c5b9       0xfd ./Middlewares/ST/STM32_USB_Host_Library/Class/HID/Src/usbh_hid.o
 .debug_macro   0x000000000001c6b6       0xbd ./Middlewares/ST/STM32_USB_Host_Library/Class/HID/Src/usbh_hid.o
 .debug_macro   0x000000000001c773       0x54 ./Middlewares/ST/STM32_USB_Host_Library/Class/HID/Src/usbh_hid.o
 .debug_macro   0x000000000001c7c7      0x256 ./Middlewares/ST/STM32_USB_Host_Library/Class/HID/Src/usbh_hid.o
 .debug_macro   0x000000000001ca1d      0x47c ./Middlewares/ST/STM32_USB_Host_Library/Class/HID/Src/usbh_hid_gamepad.o
 .debug_macro   0x000000000001ce99      0x45a ./Middlewares/ST/STM32_USB_Host_Library/Class/HID/Src/usbh_hid_keybd.o
 .debug_macro   0x000000000001d2f3      0x426 ./Middlewares/ST/STM32_USB_Host_Library/Class/HID/Src/usbh_hid_mouse.o
 .debug_macro   0x000000000001d719      0x2a3 ./Middlewares/ST/STM32_USB_Host_Library/Class/HID/Src/usbh_hid_reportparser.o
 .debug_macro   0x000000000001d9bc       0x3a ./Middlewares/ST/STM32_USB_Host_Library/Class/HID/Src/usbh_hid_reportparser.o
 .debug_macro   0x000000000001d9f6       0x82 ./Middlewares/ST/STM32_USB_Host_Library/Class/HID/Src/usbh_hid_reportparser.o
 .debug_macro   0x000000000001da78      0x460 ./Middlewares/ST/STM32_USB_Host_Library/Class/HID/Src/usbh_hid_reportparser.o
 .debug_macro   0x000000000001ded8       0x22 ./Middlewares/ST/STM32_USB_Host_Library/Class/HID/Src/usbh_hid_reportparser.o
 .debug_macro   0x000000000001defa       0x8d ./Middlewares/ST/STM32_USB_Host_Library/Class/HID/Src/usbh_hid_reportparser.o
 .debug_macro   0x000000000001df87      0x3e3 ./Middlewares/ST/STM32_USB_Host_Library/Core/Src/usbh_core.o
 .debug_macro   0x000000000001e36a      0x3db ./Middlewares/ST/STM32_USB_Host_Library/Core/Src/usbh_ctlreq.o
 .debug_macro   0x000000000001e745       0x28 ./Middlewares/ST/STM32_USB_Host_Library/Core/Src/usbh_ctlreq.o
 .debug_macro   0x000000000001e76d      0x3d5 ./Middlewares/ST/STM32_USB_Host_Library/Core/Src/usbh_ioreq.o
 .debug_macro   0x000000000001eb42      0x3d5 ./Middlewares/ST/STM32_USB_Host_Library/Core/Src/usbh_pipes.o
 .debug_macro   0x000000000001ef17      0x415 ./USB_HOST/App/usb_host.o
 .debug_macro   0x000000000001f32c       0x76 ./USB_HOST/App/usb_host.o
 .debug_macro   0x000000000001f3a2      0x3d1 ./USB_HOST/Target/usbh_conf.o

.debug_line     0x0000000000000000    0x14a21
 .debug_line    0x0000000000000000      0xeb7 ./Core/Src/main.o
 .debug_line    0x0000000000000eb7      0x6b0 ./Core/Src/stm32f1xx_hal_msp.o
 .debug_line    0x0000000000001567      0x75b ./Core/Src/stm32f1xx_it.o