usbh_conf.c:62:6:HAL_HCD_MspInit	16	static
usbh_conf.c:81:6:HAL_HCD_MspDeInit	0	static
usbh_conf.c:105:6:HAL_HCD_SOF_Callback	0	static
usbh_conf.c:115:6:HAL_HCD_Connect_Callback	0	static
usbh_conf.c:125:6:HAL_HCD_Disconnect_Callback	0	static
usbh_conf.c:137:6:HAL_HCD_HC_NotifyURBChange_Callback	0	static
usbh_conf.c:149:6:HAL_HCD_PortEnabled_Callback	0	static
usbh_conf.c:159:6:HAL_HCD_PortDisabled_Callback	0	static
usbh_conf.c:173:20:USBH_LL_Init	8	static
usbh_conf.c:200:20:USBH_LL_DeInit	8	static
usbh_conf.c:217:20:USBH_LL_Start	8	static
usbh_conf.c:234:20:USBH_LL_Stop	8	static
usbh_conf.c:251:19:USBH_LL_GetSpeed	8	static
usbh_conf.c:281:20:USBH_LL_ResetPort	8	static
usbh_conf.c:299:10:USBH_LL_GetLastXferSize	0	static
usbh_conf.c:315:20:USBH_LL_OpenPipe	24	static
usbh_conf.c:335:20:USBH_LL_ClosePipe	8	static
usbh_conf.c:374:20:USBH_LL_SubmitURB	24	static
usbh_conf.c:403:22:USBH_LL_GetURBState	0	static
usbh_conf.c:417:20:USBH_LL_DriverVBUS	8	static
usbh_conf.c:454:20:USBH_LL_SetToggle	0	static
usbh_conf.c:477:9:USBH_LL_GetToggle	0	static
usbh_conf.c:499:6:USBH_Delay	0	static
usbh_conf.c:509:20:USBH_Get_USB_Status	0	static
