usbh_hid.c:554:27:USBH_HID_SOFProcess	12	static
usbh_hid.c:356:27:USBH_HID_InterfaceDeInit	24	static
usbh_hid.c:151:27:USBH_HID_InterfaceInit	48	static
usbh_hid.c:420:27:USBH_HID_ClassRequest	8	static
usbh_hid.c:577:20:USBH_HID_GetHIDReportDescriptor	16	static
usbh_hid.c:602:6:USBH_HID_ResolveActiveStatus	0	static
usbh_hid.c:616:20:USBH_HID_GetHIDDescriptor	16	static
usbh_hid.c:639:20:USBH_HID_SetIdle	8	static
usbh_hid.c:668:20:USBH_HID_SetReport	12	static
usbh_hid.c:699:20:USBH_HID_GetReport	12	static
usbh_hid.c:726:20:USBH_HID_SetProtocol	4	static
usbh_hid.c:774:17:USBH_HID_GetDeviceType	0	static
usbh_hid.c:804:9:USBH_HID_GetPollInterval	0	static
usbh_hid.c:829:6:USBH_HID_FifoInit	0	static
usbh_hid.c:846:10:USBH_HID_FifoRead	16	static
usbh_hid.c:885:10:USBH_HID_FifoWrite	20	static
usbh_hid.c:921:13:USBH_HID_EventCallback	0	static
usbh_hid.c:481:27:USBH_HID_Process	24	static
