stm32f1xx_hal_hcd.c:197:19:HAL_HCD_HC_Init	48	static
stm32f1xx_hal_hcd.c:245:19:HAL_HCD_HC_Halt	8	static
stm32f1xx_hal_hcd.c:296:14:HAL_HCD_MspInit	0	static
stm32f1xx_hal_hcd.c:108:19:HAL_HCD_Init	64	static
stm32f1xx_hal_hcd.c:311:14:HAL_HCD_MspDeInit	0	static
stm32f1xx_hal_hcd.c:261:19:HAL_HCD_DeInit	8	static
stm32f1xx_hal_hcd.c:363:19:HAL_HCD_HC_SubmitRequest	16	static
stm32f1xx_hal_hcd.c:603:13:HAL_HCD_SOF_Callback	0	static
stm32f1xx_hal_hcd.c:618:13:HAL_HCD_Connect_Callback	0	static
stm32f1xx_hal_hcd.c:633:13:HAL_HCD_Disconnect_Callback	0	static
stm32f1xx_hal_hcd.c:648:13:HAL_HCD_PortEnabled_Callback	0	static
stm32f1xx_hal_hcd.c:663:13:HAL_HCD_PortDisabled_Callback	0	static
stm32f1xx_hal_hcd.c:688:13:HAL_HCD_HC_NotifyURBChange_Callback	0	static
stm32f1xx_hal_hcd.c:490:6:HAL_HCD_IRQHandler	56	static
stm32f1xx_hal_hcd.c:1000:19:HAL_HCD_Start	16	static
stm32f1xx_hal_hcd.c:1016:19:HAL_HCD_Stop	8	static
stm32f1xx_hal_hcd.c:1030:19:HAL_HCD_ResetPort	0	static
stm32f1xx_hal_hcd.c:1059:18:HAL_HCD_GetState	0	static
stm32f1xx_hal_hcd.c:1078:21:HAL_HCD_HC_GetURBState	0	static
stm32f1xx_hal_hcd.c:1091:10:HAL_HCD_HC_GetXferCount	0	static
stm32f1xx_hal_hcd.c:1113:21:HAL_HCD_HC_GetState	0	static
stm32f1xx_hal_hcd.c:1123:10:HAL_HCD_GetCurrentFrame	0	static
stm32f1xx_hal_hcd.c:1133:10:HAL_HCD_GetCurrentSpeed	0	static
