stm32f1xx_ll_usb.c:1133:26:USB_CoreReset	0	static
stm32f1xx_ll_usb.c:82:19:USB_CoreInit	16	static
stm32f1xx_ll_usb.c:124:19:USB_SetTurnaroundTime	0	static
stm32f1xx_ll_usb.c:203:19:USB_EnableGlobalInt	0	static
stm32f1xx_ll_usb.c:215:19:USB_DisableGlobalInt	0	static
stm32f1xx_ll_usb.c:231:19:USB_SetCurrentMode	8	static
stm32f1xx_ll_usb.c:381:19:USB_FlushTxFifo	0	static
stm32f1xx_ll_usb.c:404:19:USB_FlushRxFifo	0	static
stm32f1xx_ll_usb.c:431:19:USB_SetDevSpeed	0	static
stm32f1xx_ll_usb.c:260:19:USB_DevInit	24	static
stm32f1xx_ll_usb.c:446:9:USB_GetDevSpeed	0	static
stm32f1xx_ll_usb.c:471:19:USB_ActivateEndpoint	12	static
stm32f1xx_ll_usb.c:509:19:USB_ActivateDedicatedEndpoint	20	static
stm32f1xx_ll_usb.c:548:19:USB_DeactivateEndpoint	12	static
stm32f1xx_ll_usb.c:583:19:USB_DeactivateDedicatedEndpoint	8	static
stm32f1xx_ll_usb.c:713:19:USB_EP0StartXfer	20	static
stm32f1xx_ll_usb.c:788:19:USB_WritePacket	0	static
stm32f1xx_ll_usb.c:609:19:USB_EPStartXfer	24	static
stm32f1xx_ll_usb.c:811:7:USB_ReadPacket	0	static
stm32f1xx_ll_usb.c:833:19:USB_EPSetStall	0	static
stm32f1xx_ll_usb.c:864:19:USB_EPClearStall	0	static
stm32f1xx_ll_usb.c:893:19:USB_StopDevice	8	static
stm32f1xx_ll_usb.c:934:20:USB_SetDevAddress	0	static
stm32f1xx_ll_usb.c:949:20:USB_DevConnect	8	static
stm32f1xx_ll_usb.c:964:20:USB_DevDisconnect	8	static
stm32f1xx_ll_usb.c:979:11:USB_ReadInterrupts	0	static
stm32f1xx_ll_usb.c:994:10:USB_ReadDevAllOutEpInterrupt	0	static
stm32f1xx_ll_usb.c:1010:10:USB_ReadDevAllInEpInterrupt	0	static
stm32f1xx_ll_usb.c:1028:10:USB_ReadDevOutEPInterrupt	0	static
stm32f1xx_ll_usb.c:1046:10:USB_ReadDevInEPInterrupt	8	static
stm32f1xx_ll_usb.c:1065:7:USB_ClearInterrupts	0	static
stm32f1xx_ll_usb.c:1078:10:USB_GetMode	0	static
stm32f1xx_ll_usb.c:1088:20:USB_ActivateSetup	0	static
stm32f1xx_ll_usb.c:1106:19:USB_EP0_OutStart	0	static
stm32f1xx_ll_usb.c:1232:19:USB_InitFSLSPClkSel	8	static
stm32f1xx_ll_usb.c:1262:19:USB_ResetPort	24	static
stm32f1xx_ll_usb.c:1289:19:USB_DriveVbus	8	static
stm32f1xx_ll_usb.c:1171:19:USB_HostInit	16	static
stm32f1xx_ll_usb.c:1318:10:USB_GetHostSpeed	8	static
stm32f1xx_ll_usb.c:1332:10:USB_GetCurrentFrame	0	static
stm32f1xx_ll_usb.c:1362:19:USB_HC_Init	24	static
stm32f1xx_ll_usb.c:1472:19:USB_HC_StartXfer	24	static
stm32f1xx_ll_usb.c:1573:10:USB_HC_ReadInterrupt	0	static
stm32f1xx_ll_usb.c:1587:19:USB_HC_Halt	0	static
stm32f1xx_ll_usb.c:1652:19:USB_DoPing	0	static
stm32f1xx_ll_usb.c:1676:19:USB_StopHost	8	static
stm32f1xx_ll_usb.c:1732:19:USB_ActivateRemoteWakeup	0	static
stm32f1xx_ll_usb.c:1750:19:USB_DeActivateRemoteWakeup	0	static
